191.101.160.0 - - [07/Jul/2025:04:07:28 +0200] "GET /images/blog/seega-summer-beats-kyffhaeuserland.webp HTTP/1.1" 200 26088 www.4amtechno.com "https://www.4amtechno.com/" "Mozilla/5.0 (Windows NT 10.0; Win64; x64) AppleWebKit/537.36 (KHTML, like Gecko) Chrome/138.0.0.0 Safari/537.36" "-"
191.101.160.0 - - [07/Jul/2025:04:07:28 +0200] "GET /images/news/minimal-techno-elite.webp HTTP/1.1" 200 20198 www.4amtechno.com "https://www.4amtechno.com/" "Mozilla/5.0 (Windows NT 10.0; Win64; x64) AppleWebKit/537.36 (KHTML, like Gecko) Chrome/138.0.0.0 Safari/537.36" "-"
191.101.160.0 - - [07/Jul/2025:04:07:28 +0200] "GET /images/blog/bad-frankenhausen-tanzt.webp HTTP/1.1" 200 60614 www.4amtechno.com "https://www.4amtechno.com/" "Mozilla/5.0 (Windows NT 10.0; Win64; x64) AppleWebKit/537.36 (KHTML, like Gecko) Chrome/138.0.0.0 Safari/537.36" "-"
191.101.160.0 - - [07/Jul/2025:04:07:36 +0200] "GET /blog.php HTTP/1.1" 200 22461 www.4amtechno.com "https://www.4amtechno.com/" "Mozilla/5.0 (Windows NT 10.0; Win64; x64) AppleWebKit/537.36 (KHTML, like Gecko) Chrome/138.0.0.0 Safari/537.36" "-"
191.101.160.0 - - [07/Jul/2025:04:07:36 +0200] "GET /images/4AM-Techno-Banner.webp HTTP/1.1" 304 - www.4amtechno.com "https://www.4amtechno.com/blog.php" "Mozilla/5.0 (Windows NT 10.0; Win64; x64) AppleWebKit/537.36 (KHTML, like Gecko) Chrome/138.0.0.0 Safari/537.36" "-"
191.101.160.0 - - [07/Jul/2025:04:07:36 +0200] "GET /blog.php?limit=50 HTTP/1.1" 200 5657 www.4amtechno.com "https://www.4amtechno.com/blog.php" "Mozilla/5.0 (Windows NT 10.0; Win64; x64) AppleWebKit/537.36 (KHTML, like Gecko) Chrome/138.0.0.0 Safari/537.36" "-"
191.101.160.0 - - [07/Jul/2025:04:07:37 +0200] "GET /images/news/lilly-palmer.webp HTTP/1.1" 200 13004 www.4amtechno.com "https://www.4amtechno.com/blog.php" "Mozilla/5.0 (Windows NT 10.0; Win64; x64) AppleWebKit/537.36 (KHTML, like Gecko) Chrome/138.0.0.0 Safari/537.36" "-"
191.101.160.0 - - [07/Jul/2025:04:07:37 +0200] "GET /images/news/decade-underground.webp HTTP/1.1" 200 27064 www.4amtechno.com "https://www.4amtechno.com/blog.php" "Mozilla/5.0 (Windows NT 10.0; Win64; x64) AppleWebKit/537.36 (KHTML, like Gecko) Chrome/138.0.0.0 Safari/537.36" "-"
191.101.160.0 - - [07/Jul/2025:04:07:37 +0200] "GET /images/news/boris-brejcha.webp HTTP/1.1" 200 78618 www.4amtechno.com "https://www.4amtechno.com/blog.php" "Mozilla/5.0 (Windows NT 10.0; Win64; x64) AppleWebKit/537.36 (KHTML, like Gecko) Chrome/138.0.0.0 Safari/537.36" "-"
191.101.160.0 - - [07/Jul/2025:04:07:41 +0200] "GET /downloads.php HTTP/1.1" 200 23057 www.4amtechno.com "https://www.4amtechno.com/blog.php" "Mozilla/5.0 (Windows NT 10.0; Win64; x64) AppleWebKit/537.36 (KHTML, like Gecko) Chrome/138.0.0.0 Safari/537.36" "-"
191.101.160.0 - - [07/Jul/2025:04:07:41 +0200] "GET /blog.php?limit=50 HTTP/1.1" 200 5657 www.4amtechno.com "https://www.4amtechno.com/downloads.php" "Mozilla/5.0 (Windows NT 10.0; Win64; x64) AppleWebKit/537.36 (KHTML, like Gecko) Chrome/138.0.0.0 Safari/537.36" "-"
191.101.160.0 - - [07/Jul/2025:04:07:45 +0200] "GET /apps.php HTTP/1.1" 200 54801 www.4amtechno.com "https://www.4amtechno.com/downloads.php" "Mozilla/5.0 (Windows NT 10.0; Win64; x64) AppleWebKit/537.36 (KHTML, like Gecko) Chrome/138.0.0.0 Safari/537.36" "-"
191.101.160.0 - - [07/Jul/2025:04:07:46 +0200] "GET /blog.php?limit=50 HTTP/1.1" 200 5657 www.4amtechno.com "https://www.4amtechno.com/apps.php" "Mozilla/5.0 (Windows NT 10.0; Win64; x64) AppleWebKit/537.36 (KHTML, like Gecko) Chrome/138.0.0.0 Safari/537.36" "-"
191.101.160.0 - - [07/Jul/2025:04:07:49 +0200] "GET /music.php HTTP/1.1" 200 96870 www.4amtechno.com "https://www.4amtechno.com/apps.php" "Mozilla/5.0 (Windows NT 10.0; Win64; x64) AppleWebKit/537.36 (KHTML, like Gecko) Chrome/138.0.0.0 Safari/537.36" "-"
191.101.160.0 - - [07/Jul/2025:04:07:50 +0200] "GET /blog.php?limit=50 HTTP/1.1" 200 5657 www.4amtechno.com "https://www.4amtechno.com/music.php" "Mozilla/5.0 (Windows NT 10.0; Win64; x64) AppleWebKit/537.36 (KHTML, like Gecko) Chrome/138.0.0.0 Safari/537.36" "-"
191.101.160.0 - - [07/Jul/2025:04:08:01 +0200] "GET /index.php HTTP/1.1" 200 34404 www.4amtechno.com "https://www.4amtechno.com/music.php" "Mozilla/5.0 (Windows NT 10.0; Win64; x64) AppleWebKit/537.36 (KHTML, like Gecko) Chrome/138.0.0.0 Safari/537.36" "-"
191.101.160.0 - - [07/Jul/2025:04:08:01 +0200] "GET /blog.php?limit=50 HTTP/1.1" 200 5657 www.4amtechno.com "https://www.4amtechno.com/index.php" "Mozilla/5.0 (Windows NT 10.0; Win64; x64) AppleWebKit/537.36 (KHTML, like Gecko) Chrome/138.0.0.0 Safari/537.36" "-"
191.101.160.0 - - [07/Jul/2025:04:08:01 +0200] "GET /blog.php?limit=3 HTTP/1.1" 200 1282 www.4amtechno.com "https://www.4amtechno.com/index.php" "Mozilla/5.0 (Windows NT 10.0; Win64; x64) AppleWebKit/537.36 (KHTML, like Gecko) Chrome/138.0.0.0 Safari/537.36" "-"
191.101.160.0 - - [07/Jul/2025:04:08:01 +0200] "GET /partydates.php?limit=9 HTTP/1.1" 200 2338 www.4amtechno.com "https://www.4amtechno.com/index.php" "Mozilla/5.0 (Windows NT 10.0; Win64; x64) AppleWebKit/537.36 (KHTML, like Gecko) Chrome/138.0.0.0 Safari/537.36" "-"
191.101.160.0 - - [07/Jul/2025:04:08:01 +0200] "GET /youtube-proxy.php HTTP/1.1" 200 4861 www.4amtechno.com "https://www.4amtechno.com/index.php" "Mozilla/5.0 (Windows NT 10.0; Win64; x64) AppleWebKit/537.36 (KHTML, like Gecko) Chrome/138.0.0.0 Safari/537.36" "-"
191.101.160.0 - - [07/Jul/2025:04:08:04 +0200] "GET /index.php HTTP/1.1" 200 34404 www.4amtechno.com "https://www.4amtechno.com/index.php" "Mozilla/5.0 (Windows NT 10.0; Win64; x64) AppleWebKit/537.36 (KHTML, like Gecko) Chrome/138.0.0.0 Safari/537.36" "-"
191.101.160.0 - - [07/Jul/2025:04:08:04 +0200] "GET /blog.php?limit=3 HTTP/1.1" 200 1282 www.4amtechno.com "https://www.4amtechno.com/index.php" "Mozilla/5.0 (Windows NT 10.0; Win64; x64) AppleWebKit/537.36 (KHTML, like Gecko) Chrome/138.0.0.0 Safari/537.36" "-"
191.101.160.0 - - [07/Jul/2025:04:08:04 +0200] "GET /partydates.php?limit=9 HTTP/1.1" 200 2338 www.4amtechno.com "https://www.4amtechno.com/index.php" "Mozilla/5.0 (Windows NT 10.0; Win64; x64) AppleWebKit/537.36 (KHTML, like Gecko) Chrome/138.0.0.0 Safari/537.36" "-"
191.101.160.0 - - [07/Jul/2025:04:08:04 +0200] "GET /blog.php?limit=50 HTTP/1.1" 200 5657 www.4amtechno.com "https://www.4amtechno.com/index.php" "Mozilla/5.0 (Windows NT 10.0; Win64; x64) AppleWebKit/537.36 (KHTML, like Gecko) Chrome/138.0.0.0 Safari/537.36" "-"
191.101.160.0 - - [07/Jul/2025:04:08:04 +0200] "GET /youtube-proxy.php HTTP/1.1" 200 4861 www.4amtechno.com "https://www.4amtechno.com/index.php" "Mozilla/5.0 (Windows NT 10.0; Win64; x64) AppleWebKit/537.36 (KHTML, like Gecko) Chrome/138.0.0.0 Safari/537.36" "-"
51.68.107.0 - - [07/Jul/2025:04:12:15 +0200] "GET /robots.txt HTTP/1.1" 200 185 4amtechno.com "-" "Mozilla/5.0 (compatible; MJ12bot/v2.0.2; http://mj12bot.com/)" "-"
51.68.107.0 - - [07/Jul/2025:04:12:15 +0200] "GET / HTTP/1.1" 200 34404 4amtechno.com "-" "Mozilla/5.0 (compatible; MJ12bot/v2.0.2; http://mj12bot.com/)" "-"
85.208.96.0 - - [07/Jul/2025:04:12:46 +0200] "GET /robots.txt HTTP/1.1" 429 227 www.4amtechno.com "-" "Mozilla/5.0 (compatible; SemrushBot/7~bl; +http://www.semrush.com/bot.html)" "-"
85.208.96.0 - - [07/Jul/2025:04:12:47 +0200] "GET /2025/02/suno-ai-brandneues-update-veroffentlicht.html HTTP/1.1" 429 227 www.4amtechno.com "-" "Mozilla/5.0 (compatible; SemrushBot/7~bl; +http://www.semrush.com/bot.html)" "-"
104.43.200.0 - - [07/Jul/2025:04:13:49 +0200] "HEAD /site HTTP/1.1" 404 - 4amtechno.com "-" "Mozilla/5.0 (X11; Linux x86_64) AppleWebKit/537.36 (KHTML, like Gecko) Chrome/96.0.4664.45 Safari/537.36" "-"
17.58.57.0 - - [07/Jul/2025:04:17:47 +0200] "HEAD /feeds/posts/default?alt=rss HTTP/1.1" 404 - www.4amtechno.com "-" "iTMS" "-"
17.58.57.0 - - [07/Jul/2025:04:17:47 +0200] "HEAD /feeds/posts/default?alt=rss HTTP/1.1" 404 - www.4amtechno.com "-" "iTMS" "-"
104.43.200.0 - - [07/Jul/2025:04:24:10 +0200] "HEAD /Site HTTP/1.1" 404 - 4amtechno.com "-" "Mozilla/5.0 (X11; Linux x86_64) AppleWebKit/537.36 (KHTML, like Gecko) Chrome/96.0.4664.45 Safari/537.36" "-"
202.155.137.0 - - [07/Jul/2025:04:27:21 +0200] "GET / HTTP/1.1" 200 34404 4amtechno.com "-" "Mozilla/5.0 (Windows NT 10.0; Win64; x64) AppleWebKit/537.36 (KHTML, like Gecko) Chrome/88.0.4240.193 Safari/537.36" "-"
202.155.137.0 - - [07/Jul/2025:04:27:22 +0200] "GET / HTTP/1.1" 200 34404 4amtechno.com "-" "Mozilla/5.0 (Windows NT 10.0; Win64; x64) AppleWebKit/537.36 (KHTML, like Gecko) Chrome/88.0.4240.193 Safari/537.36" "-"
202.155.137.0 - - [07/Jul/2025:04:27:23 +0200] "GET /wp-includes/wlwmanifest.xml HTTP/1.1" 404 196 4amtechno.com "-" "Mozilla/5.0 (Windows NT 10.0; Win64; x64) AppleWebKit/537.36 (KHTML, like Gecko) Chrome/88.0.4240.193 Safari/537.36" "-"
202.155.137.0 - - [07/Jul/2025:04:27:23 +0200] "GET /xmlrpc.php?rsd HTTP/1.1" 404 196 4amtechno.com "-" "Mozilla/5.0 (Windows NT 10.0; Win64; x64) AppleWebKit/537.36 (KHTML, like Gecko) Chrome/88.0.4240.193 Safari/537.36" "-"
202.155.137.0 - - [07/Jul/2025:04:27:24 +0200] "GET / HTTP/1.1" 200 34404 4amtechno.com "-" "Mozilla/5.0 (Windows NT 10.0; Win64; x64) AppleWebKit/537.36 (KHTML, like Gecko) Chrome/88.0.4240.193 Safari/537.36" "-"
202.155.137.0 - - [07/Jul/2025:04:27:24 +0200] "GET /blog/wp-includes/wlwmanifest.xml HTTP/1.1" 404 196 4amtechno.com "-" "Mozilla/5.0 (Windows NT 10.0; Win64; x64) AppleWebKit/537.36 (KHTML, like Gecko) Chrome/88.0.4240.193 Safari/537.36" "-"
202.155.137.0 - - [07/Jul/2025:04:27:24 +0200] "GET /web/wp-includes/wlwmanifest.xml HTTP/1.1" 404 196 4amtechno.com "-" "Mozilla/5.0 (Windows NT 10.0; Win64; x64) AppleWebKit/537.36 (KHTML, like Gecko) Chrome/88.0.4240.193 Safari/537.36" "-"
202.155.137.0 - - [07/Jul/2025:04:27:25 +0200] "GET /wordpress/wp-includes/wlwmanifest.xml HTTP/1.1" 404 196 4amtechno.com "-" "Mozilla/5.0 (Windows NT 10.0; Win64; x64) AppleWebKit/537.36 (KHTML, like Gecko) Chrome/88.0.4240.193 Safari/537.36" "-"
202.155.137.0 - - [07/Jul/2025:04:27:25 +0200] "GET /website/wp-includes/wlwmanifest.xml HTTP/1.1" 404 196 4amtechno.com "-" "Mozilla/5.0 (Windows NT 10.0; Win64; x64) AppleWebKit/537.36 (KHTML, like Gecko) Chrome/88.0.4240.193 Safari/537.36" "-"
202.155.137.0 - - [07/Jul/2025:04:27:25 +0200] "GET /wp/wp-includes/wlwmanifest.xml HTTP/1.1" 404 196 4amtechno.com "-" "Mozilla/5.0 (Windows NT 10.0; Win64; x64) AppleWebKit/537.36 (KHTML, like Gecko) Chrome/88.0.4240.193 Safari/537.36" "-"
202.155.137.0 - - [07/Jul/2025:04:27:25 +0200] "GET /news/wp-includes/wlwmanifest.xml HTTP/1.1" 404 196 4amtechno.com "-" "Mozilla/5.0 (Windows NT 10.0; Win64; x64) AppleWebKit/537.36 (KHTML, like Gecko) Chrome/88.0.4240.193 Safari/537.36" "-"
202.155.137.0 - - [07/Jul/2025:04:27:26 +0200] "GET /2020/wp-includes/wlwmanifest.xml HTTP/1.1" 404 196 4amtechno.com "-" "Mozilla/5.0 (Windows NT 10.0; Win64; x64) AppleWebKit/537.36 (KHTML, like Gecko) Chrome/88.0.4240.193 Safari/537.36" "-"
202.155.137.0 - - [07/Jul/2025:04:27:26 +0200] "GET /2019/wp-includes/wlwmanifest.xml HTTP/1.1" 404 196 4amtechno.com "-" "Mozilla/5.0 (Windows NT 10.0; Win64; x64) AppleWebKit/537.36 (KHTML, like Gecko) Chrome/88.0.4240.193 Safari/537.36" "-"
202.155.137.0 - - [07/Jul/2025:04:27:26 +0200] "GET /shop/wp-includes/wlwmanifest.xml HTTP/1.1" 404 196 4amtechno.com "-" "Mozilla/5.0 (Windows NT 10.0; Win64; x64) AppleWebKit/537.36 (KHTML, like Gecko) Chrome/88.0.4240.193 Safari/537.36" "-"
202.155.137.0 - - [07/Jul/2025:04:27:27 +0200] "GET /wp1/wp-includes/wlwmanifest.xml HTTP/1.1" 404 196 4amtechno.com "-" "Mozilla/5.0 (Windows NT 10.0; Win64; x64) AppleWebKit/537.36 (KHTML, like Gecko) Chrome/88.0.4240.193 Safari/537.36" "-"
202.155.137.0 - - [07/Jul/2025:04:27:27 +0200] "GET /test/wp-includes/wlwmanifest.xml HTTP/1.1" 404 196 4amtechno.com "-" "Mozilla/5.0 (Windows NT 10.0; Win64; x64) AppleWebKit/537.36 (KHTML, like Gecko) Chrome/88.0.4240.193 Safari/537.36" "-"
202.155.137.0 - - [07/Jul/2025:04:27:28 +0200] "GET /wp2/wp-includes/wlwmanifest.xml HTTP/1.1" 404 196 4amtechno.com "-" "Mozilla/5.0 (Windows NT 10.0; Win64; x64) AppleWebKit/537.36 (KHTML, like Gecko) Chrome/88.0.4240.193 Safari/537.36" "-"
202.155.137.0 - - [07/Jul/2025:04:27:28 +0200] "GET /site/wp-includes/wlwmanifest.xml HTTP/1.1" 404 196 4amtechno.com "-" "Mozilla/5.0 (Windows NT 10.0; Win64; x64) AppleWebKit/537.36 (KHTML, like Gecko) Chrome/88.0.4240.193 Safari/537.36" "-"
202.155.137.0 - - [07/Jul/2025:04:27:28 +0200] "GET /cms/wp-includes/wlwmanifest.xml HTTP/1.1" 301 260 4amtechno.com "-" "Mozilla/5.0 (Windows NT 10.0; Win64; x64) AppleWebKit/537.36 (KHTML, like Gecko) Chrome/88.0.4240.193 Safari/537.36" "-"
202.155.137.0 - - [07/Jul/2025:04:27:28 +0200] "GET /sito/wp-includes/wlwmanifest.xml HTTP/1.1" 404 196 4amtechno.com "-" "Mozilla/5.0 (Windows NT 10.0; Win64; x64) AppleWebKit/537.36 (KHTML, like Gecko) Chrome/88.0.4240.193 Safari/537.36" "-"
3.129.111.0 - - [07/Jul/2025:04:29:34 +0200] "GET /2024/10/minimal-techno-in-berlin-entdecke-die.html HTTP/1.1" 404 196 www.4amtechno.com "-" "Mozilla/5.0 (Windows NT 10.0; Win64; x64) AppleWebKit/537.36 (KHTML, like Gecko) Chrome/124.0.0.0 Safari/537.36" "-"
3.129.111.0 - - [07/Jul/2025:04:29:35 +0200] "GET /2024/10/minimal-techno-in-berlin-entdecke-die.html HTTP/1.1" 404 196 www.4amtechno.com "-" "Mozilla/5.0 (Macintosh; Intel Mac OS X 10.15; rv:125.0) Gecko/20100101 Firefox/125.0" "-"
104.43.200.0 - - [07/Jul/2025:04:29:46 +0200] "HEAD /SITE HTTP/1.1" 404 - 4amtechno.com "-" "Mozilla/5.0 (X11; Linux x86_64) AppleWebKit/537.36 (KHTML, like Gecko) Chrome/96.0.4664.45 Safari/537.36" "-"
2a03:2880:f800:: - - [07/Jul/2025:04:31:36 +0200] "GET /2024/10/4am-techno-gema-freie-musik-in-der.html HTTP/1.1" 429 227 www.4amtechno.com "-" "meta-externalagent/1.1 (+https://developers.facebook.com/docs/sharing/webmasters/crawler)" "-"
54.236.1.0 - - [07/Jul/2025:04:39:38 +0200] "GET /2025/01/wie-du-den-einzigartigen-sound-von.html HTTP/1.1" 404 196 www.4amtechno.com "-" "Mozilla/5.0 (compatible; Pinterestbot/1.0; +http://www.pinterest.com/bot.html)" "-"
104.43.200.0 - - [07/Jul/2025:04:41:53 +0200] "HEAD /blog HTTP/1.1" 301 - 4amtechno.com "-" "Mozilla/5.0 (X11; Linux x86_64) AppleWebKit/537.36 (KHTML, like Gecko) Chrome/96.0.4664.45 Safari/537.36" "-"
104.43.200.0 - - [07/Jul/2025:04:41:53 +0200] "HEAD /blog/ HTTP/1.1" 403 - 4amtechno.com "http://4amtechno.com/blog" "Mozilla/5.0 (X11; Linux x86_64) AppleWebKit/537.36 (KHTML, like Gecko) Chrome/96.0.4664.45 Safari/537.36" "-"
104.43.200.0 - - [07/Jul/2025:04:47:47 +0200] "HEAD /BLOG HTTP/1.1" 301 - 4amtechno.com "-" "Mozilla/5.0 (X11; Linux x86_64) AppleWebKit/537.36 (KHTML, like Gecko) Chrome/96.0.4664.45 Safari/537.36" "-"
104.43.200.0 - - [07/Jul/2025:04:47:47 +0200] "HEAD /blog HTTP/1.1" 301 - 4amtechno.com "http://4amtechno.com/BLOG" "Mozilla/5.0 (X11; Linux x86_64) AppleWebKit/537.36 (KHTML, like Gecko) Chrome/96.0.4664.45 Safari/537.36" "-"
104.43.200.0 - - [07/Jul/2025:04:47:48 +0200] "HEAD /blog/ HTTP/1.1" 403 - 4amtechno.com "http://4amtechno.com/blog" "Mozilla/5.0 (X11; Linux x86_64) AppleWebKit/537.36 (KHTML, like Gecko) Chrome/96.0.4664.45 Safari/537.36" "-"
185.191.171.0 - - [07/Jul/2025:04:50:01 +0200] "GET /2024/10/marco-carola-der-konig-des-minimal.html HTTP/1.1" 429 227 www.4amtechno.com "-" "Mozilla/5.0 (compatible; SemrushBot/7~bl; +http://www.semrush.com/bot.html)" "-"
54.236.1.0 - - [07/Jul/2025:04:50:29 +0200] "GET / HTTP/1.1" 200 34404 4amtechno.com "-" "Mozilla/5.0 (compatible; Pinterestbot/1.0; +http://www.pinterest.com/bot.html)" "-"
104.43.200.0 - - [07/Jul/2025:04:53:05 +0200] "HEAD /Blog HTTP/1.1" 301 - 4amtechno.com "-" "Mozilla/5.0 (X11; Linux x86_64) AppleWebKit/537.36 (KHTML, like Gecko) Chrome/96.0.4664.45 Safari/537.36" "-"
104.43.200.0 - - [07/Jul/2025:04:53:06 +0200] "HEAD /blog HTTP/1.1" 301 - 4amtechno.com "http://4amtechno.com/Blog" "Mozilla/5.0 (X11; Linux x86_64) AppleWebKit/537.36 (KHTML, like Gecko) Chrome/96.0.4664.45 Safari/537.36" "-"
104.43.200.0 - - [07/Jul/2025:04:53:07 +0200] "HEAD /blog/ HTTP/1.1" 403 - 4amtechno.com "http://4amtechno.com/blog" "Mozilla/5.0 (X11; Linux x86_64) AppleWebKit/537.36 (KHTML, like Gecko) Chrome/96.0.4664.45 Safari/537.36" "-"
135.181.180.0 - - [07/Jul/2025:04:54:17 +0200] "GET /robots.txt HTTP/1.1" 200 185 www.4amtechno.com "-" "Mozilla/5.0 (compatible; MJ12bot/v1.4.8; http://mj12bot.com/)" "-"
135.181.180.0 - - [07/Jul/2025:04:54:19 +0200] "GET /'%20.%20htmlspecialchars($canonical_url)%20.%20' HTTP/1.1" 404 196 www.4amtechno.com "-" "Mozilla/5.0 (compatible; MJ12bot/v1.4.8; http://mj12bot.com/)" "-"
3.129.111.0 - - [07/Jul/2025:04:54:34 +0200] "GET /2024/10/minimal-techno-in-berlin-entdecke-die.html HTTP/1.1" 404 196 www.4amtechno.com "-" "Mozilla/5.0 (Windows NT 10.0; Win64; x64) AppleWebKit/537.36 (KHTML, like Gecko) Chrome/124.0.0.0 Safari/537.36 Edg/124.0.0.0" "-"
3.129.111.0 - - [07/Jul/2025:04:54:35 +0200] "GET /2024/10/minimal-techno-in-berlin-entdecke-die.html HTTP/1.1" 404 196 www.4amtechno.com "-" "Mozilla/5.0 (Macintosh; Intel Mac OS X 10_15_7) AppleWebKit/537.36 (KHTML, like Gecko) Chrome/124.0.0.0 Safari/537.36" "-"
17.58.59.0 - - [07/Jul/2025:05:03:35 +0200] "HEAD /feeds/posts/default?alt=rss HTTP/1.1" 404 - www.4amtechno.com "-" "iTMS" "-"
17.58.59.0 - - [07/Jul/2025:05:03:35 +0200] "HEAD /feeds/posts/default?alt=rss HTTP/1.1" 404 - www.4amtechno.com "-" "iTMS" "-"
85.208.96.0 - - [07/Jul/2025:05:14:00 +0200] "GET /robots.txt HTTP/1.1" 429 227 www.4amtechno.com "-" "Mozilla/5.0 (compatible; SemrushBot/7~bl; +http://www.semrush.com/bot.html)" "-"
85.208.96.0 - - [07/Jul/2025:05:14:00 +0200] "GET /2024/12/industrial-minimal-techno-wo-maschinen.html HTTP/1.1" 429 227 www.4amtechno.com "-" "Mozilla/5.0 (compatible; SemrushBot/7~bl; +http://www.semrush.com/bot.html)" "-"
157.66.56.0 - - [07/Jul/2025:05:16:04 +0200] "GET /sftp-config.json HTTP/1.1" 404 196 4amtechno.com "-" "Mozilla/5.0 (Macintosh; Intel Mac OS X 10.15; rv:77.0) Gecko/20100101 Firefox/77.0" "-"
157.66.56.0 - - [07/Jul/2025:05:16:04 +0200] "GET /.vscode/sftp.json HTTP/1.1" 300 807 4amtechno.com "-" "Mozilla/5.0 (Macintosh; Intel Mac OS X 10.15; rv:77.0) Gecko/20100101 Firefox/77.0" "-"
85.214.161.0 - - [07/Jul/2025:05:19:02 +0200] "GET /feeds/posts/default?alt=rss HTTP/1.1" 404 196 www.4amtechno.com "https://www.4amtechno.com/feeds/posts/default?alt=rss" "SimplePie/1.4.3 (Feed Parser; http://simplepie.org; Allow like Gecko) Build/20240509024136" "-"
85.214.161.0 - - [07/Jul/2025:05:19:02 +0200] "GET /feeds/posts/default?alt=rss HTTP/1.1" 404 196 www.4amtechno.com "https://www.4amtechno.com/feeds/posts/default?alt=rss" "SimplePie/1.4.3 (Feed Parser; http://simplepie.org; Allow like Gecko) Build/20240509024136" "-"
3.129.111.0 - - [07/Jul/2025:05:19:30 +0200] "GET /2024/10/minimal-techno-in-berlin-entdecke-die.html HTTP/1.1" 404 196 www.4amtechno.com "-" "Mozilla/5.0 (Macintosh; Intel Mac OS X 10.15; rv:124.0) Gecko/20100101 Firefox/124.0" "-"
3.129.111.0 - - [07/Jul/2025:05:19:31 +0200] "GET /2024/10/minimal-techno-in-berlin-entdecke-die.html HTTP/1.1" 404 196 www.4amtechno.com "-" "Mozilla/5.0 (Macintosh; Intel Mac OS X 10_15_7) AppleWebKit/537.36 (KHTML, like Gecko) Chrome/124.0.0.0 Safari/537.36" "-"
3.129.111.0 - - [07/Jul/2025:05:44:14 +0200] "GET /2024/10/minimal-techno-in-berlin-entdecke-die.html HTTP/1.1" 404 196 www.4amtechno.com "-" "Mozilla/5.0 (Windows NT 10.0; Win64; x64) AppleWebKit/537.36 (KHTML, like Gecko) Chrome/124.0.0.0 Safari/537.36 Edg/124.0.0.0" "-"
3.129.111.0 - - [07/Jul/2025:05:44:14 +0200] "GET /2024/10/minimal-techno-in-berlin-entdecke-die.html HTTP/1.1" 404 196 www.4amtechno.com "-" "Mozilla/5.0 (Windows NT 10.0; Win64; x64) AppleWebKit/537.36 (KHTML, like Gecko) Chrome/124.0.0.0 Safari/537.36" "-"
17.58.56.0 - - [07/Jul/2025:05:49:47 +0200] "HEAD /feeds/posts/default?alt=rss HTTP/1.1" 404 - www.4amtechno.com "-" "iTMS" "-"
17.58.56.0 - - [07/Jul/2025:05:49:47 +0200] "HEAD /feeds/posts/default?alt=rss HTTP/1.1" 404 - www.4amtechno.com "-" "iTMS" "-"
3.129.111.0 - - [07/Jul/2025:06:04:41 +0200] "GET /2024/10/minimal-techno-in-berlin-entdecke-die.html HTTP/1.1" 404 196 www.4amtechno.com "-" "Mozilla/5.0 (Macintosh; Intel Mac OS X 10_15_7) AppleWebKit/537.36 (KHTML, like Gecko) Chrome/123.0.0.0 Safari/537.36" "-"
3.129.111.0 - - [07/Jul/2025:06:04:41 +0200] "GET /2024/10/minimal-techno-in-berlin-entdecke-die.html HTTP/1.1" 404 196 www.4amtechno.com "-" "Mozilla/5.0 (Macintosh; Intel Mac OS X 10_15_7) AppleWebKit/605.1.15 (KHTML, like Gecko) Version/16.6 Safari/605.1.15" "-"
46.250.171.0 - - [07/Jul/2025:06:05:03 +0200] "GET /sitemap HTTP/1.1" 200 2526 www.4amtechno.com "https://www.4amtechno.com/sitemap" "Mozilla/5.0 (Windows NT 10.0; Win64; x64) AppleWebKit/537.36 (KHTML, like Gecko) Chrome/101.0.4951.67 Safari/537.36" "-"
85.214.161.0 - - [07/Jul/2025:06:11:13 +0200] "GET /feeds/posts/default?alt=rss HTTP/1.1" 404 196 www.4amtechno.com "https://www.4amtechno.com/feeds/posts/default?alt=rss" "SimplePie/1.4.3 (Feed Parser; http://simplepie.org; Allow like Gecko) Build/20240509024136" "-"
85.214.161.0 - - [07/Jul/2025:06:11:13 +0200] "GET /feeds/posts/default?alt=rss HTTP/1.1" 404 196 www.4amtechno.com "https://www.4amtechno.com/feeds/posts/default?alt=rss" "SimplePie/1.4.3 (Feed Parser; http://simplepie.org; Allow like Gecko) Build/20240509024136" "-"
8.217.211.0 - - [07/Jul/2025:06:14:45 +0200] "GET /robots.txt HTTP/1.1" 200 185 4amtechno.com "-" "AliyunSecBot/Aliyun (AliyunSecBot@service.alibaba.com)" "-"
8.217.214.0 - - [07/Jul/2025:06:14:47 +0200] "GET / HTTP/1.1" 200 34404 4amtechno.com "-" "AliyunSecBot/Aliyun (AliyunSecBot@service.alibaba.com)" "-"
20.171.207.0 - - [07/Jul/2025:06:24:01 +0200] "GET / HTTP/1.1" 429 227 4amtechno.com "-" "Mozilla/5.0 AppleWebKit/537.36 (KHTML, like Gecko; compatible; GPTBot/1.2; +https://openai.com/gptbot)" "-"
2001:41d0:200:: - - [07/Jul/2025:06:29:15 +0200] "POST /xmlrpc.php HTTP/1.1" 404 196 4amtechno.com "-" "Mozilla/5.0 (X11; Ubuntu; Linux x86_64; rv:85.0) Gecko/20100101 Firefox/91.0" "-"
3.129.111.0 - - [07/Jul/2025:06:29:38 +0200] "GET /2024/10/minimal-techno-in-berlin-entdecke-die.html HTTP/1.1" 404 196 www.4amtechno.com "-" "Mozilla/5.0 (Macintosh; Intel Mac OS X 10_15_7) AppleWebKit/537.36 (KHTML, like Gecko) Chrome/124.0.0.0 Safari/537.36" "-"
3.129.111.0 - - [07/Jul/2025:06:29:39 +0200] "GET /2024/10/minimal-techno-in-berlin-entdecke-die.html HTTP/1.1" 404 196 www.4amtechno.com "-" "Mozilla/5.0 (Windows NT 10.0; Win64; x64) AppleWebKit/537.36 (KHTML, like Gecko) Chrome/123.0.0.0 Safari/537.36" "-"
85.208.96.0 - - [07/Jul/2025:06:30:57 +0200] "GET /robots.txt HTTP/1.1" 429 227 www.4amtechno.com "-" "Mozilla/5.0 (compatible; SemrushBot/7~bl; +http://www.semrush.com/bot.html)" "-"
185.191.171.0 - - [07/Jul/2025:06:30:57 +0200] "GET /2024/12/lilly-palmer-die-faszination-einer.html HTTP/1.1" 429 227 www.4amtechno.com "-" "Mozilla/5.0 (compatible; SemrushBot/7~bl; +http://www.semrush.com/bot.html)" "-"
54.36.148.0 - - [07/Jul/2025:06:35:09 +0200] "GET /robots.txt HTTP/1.1" 200 185 www.4amtechno.com "-" "Mozilla/5.0 (compatible; AhrefsBot/7.0; +http://ahrefs.com/robot/)" "-"
54.36.148.0 - - [07/Jul/2025:06:35:13 +0200] "GET /music.php HTTP/1.1" 200 96870 www.4amtechno.com "-" "Mozilla/5.0 (compatible; AhrefsBot/7.0; +http://ahrefs.com/robot/)" "-"
17.58.57.0 - - [07/Jul/2025:06:35:22 +0200] "HEAD /feeds/posts/default?alt=rss HTTP/1.1" 404 - www.4amtechno.com "-" "iTMS" "-"
17.58.57.0 - - [07/Jul/2025:06:35:22 +0200] "HEAD /feeds/posts/default?alt=rss HTTP/1.1" 404 - www.4amtechno.com "-" "iTMS" "-"
104.210.140.0 - - [07/Jul/2025:06:37:07 +0200] "GET /robots.txt HTTP/1.1" 200 185 4amtechno.com "-" "Mozilla/5.0 (Macintosh; Intel Mac OS X 10_15_7) AppleWebKit/537.36 (KHTML, like Gecko) Chrome/131.0.0.0 Safari/537.36; compatible; OAI-SearchBot/1.0; +https://openai.com/searchbot" "-"
54.36.149.0 - - [07/Jul/2025:06:37:40 +0200] "GET /css/style-enhanced.css?v=2 HTTP/1.1" 200 73756 www.4amtechno.com "-" "Mozilla/5.0 (compatible; AhrefsBot/7.0; +http://ahrefs.com/robot/)" "-"
54.36.149.0 - - [07/Jul/2025:06:37:42 +0200] "GET /js/script-enhanced.js HTTP/1.1" 200 57818 www.4amtechno.com "-" "Mozilla/5.0 (compatible; AhrefsBot/7.0; +http://ahrefs.com/robot/)" "-"
54.36.148.0 - - [07/Jul/2025:06:37:52 +0200] "GET /images/4am-logo.webp HTTP/1.1" 200 76722 www.4amtechno.com "-" "Mozilla/5.0 (compatible; AhrefsBot/7.0; +http://ahrefs.com/robot/)" "-"
54.36.149.0 - - [07/Jul/2025:06:37:56 +0200] "GET /images/og-image.jpg HTTP/1.1" 200 86246 4amtechno.com "-" "Mozilla/5.0 (compatible; AhrefsBot/7.0; +http://ahrefs.com/robot/)" "-"
3.129.111.0 - - [07/Jul/2025:06:54:16 +0200] "GET /2024/10/minimal-techno-in-berlin-entdecke-die.html HTTP/1.1" 404 196 www.4amtechno.com "-" "Mozilla/5.0 (Windows NT 10.0; Win64; x64) AppleWebKit/537.36 (KHTML, like Gecko) Chrome/123.0.0.0 Safari/537.36" "-"
3.129.111.0 - - [07/Jul/2025:06:54:16 +0200] "GET /2024/10/minimal-techno-in-berlin-entdecke-die.html HTTP/1.1" 404 196 www.4amtechno.com "-" "Mozilla/5.0 (Macintosh; Intel Mac OS X 10_15_7) AppleWebKit/537.36 (KHTML, like Gecko) Chrome/124.0.0.0 Safari/537.36" "-"
182.40.104.0 - - [07/Jul/2025:07:01:10 +0200] "GET / HTTP/1.1" 200 34404 4amtechno.com "-" "Mozilla/5.0 (iPhone; CPU iPhone OS 13_2_3 like Mac OS X) AppleWebKit/605.1.15 (KHTML, like Gecko) Version/13.0.3 Mobile/15E148 Safari/604.1" "-"
66.249.73.0 - - [07/Jul/2025:07:14:10 +0200] "GET /robots.txt HTTP/1.1" 200 185 www.4amtechno.com "-" "Mozilla/5.0 (compatible; Googlebot/2.1; +http://www.google.com/bot.html)" "-"
66.249.73.0 - - [07/Jul/2025:07:14:32 +0200] "GET /music.html HTTP/1.1" 300 414 www.4amtechno.com "-" "Mozilla/5.0 (Linux; Android 6.0.1; Nexus 5X Build/MMB29P) AppleWebKit/537.36 (KHTML, like Gecko) Chrome/137.0.7151.103 Mobile Safari/537.36 (compatible; Googlebot/2.1; +http://www.google.com/bot.html)" "-"
3.129.111.0 - - [07/Jul/2025:07:14:37 +0200] "GET /2024/10/minimal-techno-in-berlin-entdecke-die.html HTTP/1.1" 404 196 www.4amtechno.com "-" "Mozilla/5.0 (Windows NT 10.0; Win64; x64) AppleWebKit/537.36 (KHTML, like Gecko) Chrome/123.0.0.0 Safari/537.36" "-"
3.129.111.0 - - [07/Jul/2025:07:14:37 +0200] "GET /2024/10/minimal-techno-in-berlin-entdecke-die.html HTTP/1.1" 404 196 www.4amtechno.com "-" "Mozilla/5.0 (Macintosh; Intel Mac OS X 10_15_7) AppleWebKit/537.36 (KHTML, like Gecko) Chrome/124.0.0.0 Safari/537.36" "-"
157.55.39.0 - - [07/Jul/2025:07:16:13 +0200] "GET /unnecessary-and-unacceptable-delta-responds/ HTTP/1.1" 404 196 4amtechno.com "-" "Mozilla/5.0 AppleWebKit/537.36 (KHTML, like Gecko; compatible; bingbot/2.0; +http://www.bing.com/bingbot.htm) Chrome/116.0.1938.76 Safari/537.36" "-"
17.58.57.0 - - [07/Jul/2025:07:20:52 +0200] "HEAD /feeds/posts/default?alt=rss HTTP/1.1" 404 - www.4amtechno.com "-" "iTMS" "-"
17.58.57.0 - - [07/Jul/2025:07:20:53 +0200] "HEAD /feeds/posts/default?alt=rss HTTP/1.1" 404 - www.4amtechno.com "-" "iTMS" "-"
209.85.238.0 - - [07/Jul/2025:07:26:29 +0200] "GET /.well-known/apple-app-site-association HTTP/1.1" 300 1032 www.4amtechno.com "-" "Mozilla/5.0 (Linux; Android 6.0.1; Nexus 5X Build/MMB29P) AppleWebKit/537.36 (KHTML, like Gecko) Chrome/137.0.7151.103 Mobile Safari/537.36 (compatible; AdsBot-Google-Mobile; +http://www.google.com/mobile/adsbot.html)" "-"
95.143.190.0 - - [07/Jul/2025:07:35:33 +0200] "GET / HTTP/1.1" 200 34404 4amtechno.com "http://4amtechno.com/" "Mozilla/5.0 (Windows NT 10.0; Win64; x64) AppleWebKit/537.36 (KHTML, like Gecko) Chrome/130.0.0.0 Safari/537.36" "-"
95.143.190.0 - - [07/Jul/2025:07:35:33 +0200] "POST /contact.php HTTP/1.1" 404 196 4amtechno.com "http://4amtechno.com/" "Mozilla/5.0 (Windows NT 10.0; Win64; x64) AppleWebKit/537.36 (KHTML, like Gecko) Chrome/130.0.0.0 Safari/537.36" "-"
95.143.190.0 - - [07/Jul/2025:07:35:33 +0200] "GET / HTTP/1.1" 200 34404 4amtechno.com "http://4amtechno.com/" "Mozilla/5.0 (Windows NT 10.0; Win64; x64) AppleWebKit/537.36 (KHTML, like Gecko) Chrome/130.0.0.0 Safari/537.36" "-"
3.129.111.0 - - [07/Jul/2025:07:39:05 +0200] "GET /2024/10/minimal-techno-in-berlin-entdecke-die.html HTTP/1.1" 404 196 www.4amtechno.com "-" "Mozilla/5.0 (Macintosh; Intel Mac OS X 10_15_7) AppleWebKit/537.36 (KHTML, like Gecko) Chrome/124.0.0.0 Safari/537.36" "-"
3.129.111.0 - - [07/Jul/2025:07:39:06 +0200] "GET /2024/10/minimal-techno-in-berlin-entdecke-die.html HTTP/1.1" 404 196 www.4amtechno.com "-" "Mozilla/5.0 (Macintosh; Intel Mac OS X 10_15_7) AppleWebKit/537.36 (KHTML, like Gecko) Chrome/123.0.0.0 Safari/537.36" "-"
4.227.36.0 - - [07/Jul/2025:07:47:22 +0200] "GET /robots.txt HTTP/1.1" 429 227 www.4amtechno.com "-" "Mozilla/5.0 AppleWebKit/537.36 (KHTML, like Gecko; compatible; GPTBot/1.2; +https://openai.com/gptbot)" "-"
20.169.6.0 - - [07/Jul/2025:07:47:23 +0200] "GET /blog/die-evolution-der-bpm-im-minimal-techno.html HTTP/1.1" 404 196 www.4amtechno.com "-" "Mozilla/5.0 (Macintosh; Intel Mac OS X 10_15_7) AppleWebKit/537.36 (KHTML, like Gecko) Chrome/131.0.0.0 Safari/537.36; compatible; OAI-SearchBot/1.0; +https://openai.com/searchbot" "-"
18.158.88.0 - - [07/Jul/2025:07:53:13 +0200] "POST /xmlrpc.php HTTP/1.1" 404 196 4amtechno.com "-" "Mozilla/5.0 (X11; Ubuntu; Linux x86_64; rv:85.0) Gecko/20100101 Firefox/91.0" "-"
85.208.96.0 - - [07/Jul/2025:07:54:39 +0200] "GET /robots.txt HTTP/1.1" 429 227 www.4amtechno.com "-" "Mozilla/5.0 (compatible; SemrushBot/7~bl; +http://www.semrush.com/bot.html)" "-"
85.208.96.0 - - [07/Jul/2025:07:54:39 +0200] "GET /2025/01/audioformate-erklart-flac-mp3-und-co.html HTTP/1.1" 429 227 www.4amtechno.com "-" "Mozilla/5.0 (compatible; SemrushBot/7~bl; +http://www.semrush.com/bot.html)" "-"
3.129.111.0 - - [07/Jul/2025:07:59:19 +0200] "GET /2024/10/minimal-techno-in-berlin-entdecke-die.html HTTP/1.1" 404 196 www.4amtechno.com "-" "Mozilla/5.0 (Macintosh; Intel Mac OS X 10_15_7) AppleWebKit/537.36 (KHTML, like Gecko) Chrome/124.0.0.0 Safari/537.36" "-"
3.129.111.0 - - [07/Jul/2025:07:59:19 +0200] "GET /2024/10/minimal-techno-in-berlin-entdecke-die.html HTTP/1.1" 404 196 www.4amtechno.com "-" "Mozilla/5.0 (Windows NT 10.0; Win64; x64) AppleWebKit/537.36 (KHTML, like Gecko) Chrome/123.0.0.0 Safari/537.36" "-"
17.58.62.0 - - [07/Jul/2025:08:07:51 +0200] "HEAD /feeds/posts/default?alt=rss HTTP/1.1" 404 - www.4amtechno.com "-" "iTMS" "-"
17.58.62.0 - - [07/Jul/2025:08:07:51 +0200] "HEAD /feeds/posts/default?alt=rss HTTP/1.1" 404 - www.4amtechno.com "-" "iTMS" "-"
5.230.253.0 - - [07/Jul/2025:08:09:35 +0200] "GET / HTTP/1.1" 503 299 4amtechno.com "-" "Go-http-client/1.1" "-"
5.230.253.0 - - [07/Jul/2025:08:09:35 +0200] "GET / HTTP/1.1" 503 299 4amtechno.com "-" "Go-http-client/1.1" "-"
54.36.148.0 - - [07/Jul/2025:08:09:42 +0200] "GET /sitemap.xml HTTP/1.1" 200 2526 www.4amtechno.com "-" "Mozilla/5.0 (compatible; AhrefsBot/7.0; +http://ahrefs.com/robot/)" "-"
85.214.161.0 - - [07/Jul/2025:08:10:37 +0200] "GET /feeds/posts/default?alt=rss HTTP/1.1" 404 196 www.4amtechno.com "https://www.4amtechno.com/feeds/posts/default?alt=rss" "SimplePie/1.4.3 (Feed Parser; http://simplepie.org; Allow like Gecko) Build/20240509024136" "-"
85.214.161.0 - - [07/Jul/2025:08:10:37 +0200] "GET /feeds/posts/default?alt=rss HTTP/1.1" 404 196 www.4amtechno.com "https://www.4amtechno.com/feeds/posts/default?alt=rss" "SimplePie/1.4.3 (Feed Parser; http://simplepie.org; Allow like Gecko) Build/20240509024136" "-"
85.208.96.0 - - [07/Jul/2025:08:13:27 +0200] "GET /2024/12/willkommen-in-der-pulsierenden-welt-von.html HTTP/1.1" 429 227 www.4amtechno.com "-" "Mozilla/5.0 (compatible; SemrushBot/7~bl; +http://www.semrush.com/bot.html)" "-"
3.129.111.0 - - [07/Jul/2025:08:19:45 +0200] "GET /2024/10/minimal-techno-in-berlin-entdecke-die.html HTTP/1.1" 404 196 www.4amtechno.com "-" "Mozilla/5.0 (Windows NT 10.0; Win64; x64) AppleWebKit/537.36 (KHTML, like Gecko) Chrome/123.0.0.0 Safari/537.36" "-"
3.129.111.0 - - [07/Jul/2025:08:19:46 +0200] "GET /2024/10/minimal-techno-in-berlin-entdecke-die.html HTTP/1.1" 404 196 www.4amtechno.com "-" "Mozilla/5.0 (Windows NT 10.0; Win64; x64) AppleWebKit/537.36 (KHTML, like Gecko) Chrome/124.0.0.0 Safari/537.36" "-"
3.208.154.0 - - [07/Jul/2025:08:29:57 +0200] "GET /ads.txt HTTP/1.1" 404 196 4amtechno.com "-" "Mozilla/5.0 (Macintosh; Intel Mac OS X 10_12_6) AppleWebKit/537.36 (KHTML, like Gecko) Chrome/63.0.3239.84 Safari/537.36" "-"
3.208.154.0 - - [07/Jul/2025:08:29:57 +0200] "GET /ads.txt HTTP/1.1" 404 196 www.4amtechno.com "-" "Mozilla/5.0 (Macintosh; Intel Mac OS X 10_12_6) AppleWebKit/537.36 (KHTML, like Gecko) Chrome/63.0.3239.84 Safari/537.36" "-"
18.97.9.0 - - [07/Jul/2025:08:42:25 +0200] "GET /robots.txt HTTP/1.1" 200 185 4amtechno.com "-" "CCBot/2.0 (https://commoncrawl.org/faq/)" "-"
18.97.9.0 - - [07/Jul/2025:08:42:25 +0200] "GET /sitemap.xml HTTP/1.1" 200 2526 4amtechno.com "-" "CCBot/2.0 (https://commoncrawl.org/faq/)" "-"
3.129.111.0 - - [07/Jul/2025:08:44:34 +0200] "GET /2024/10/minimal-techno-in-berlin-entdecke-die.html HTTP/1.1" 404 196 www.4amtechno.com "-" "Mozilla/5.0 (Macintosh; Intel Mac OS X 10_15_7) AppleWebKit/537.36 (KHTML, like Gecko) Chrome/123.0.0.0 Safari/537.36" "-"
3.129.111.0 - - [07/Jul/2025:08:44:35 +0200] "GET /2024/10/minimal-techno-in-berlin-entdecke-die.html HTTP/1.1" 404 196 www.4amtechno.com "-" "Mozilla/5.0 (Windows NT 10.0; Win64; x64) AppleWebKit/537.36 (KHTML, like Gecko) Chrome/124.0.0.0 Safari/537.36" "-"
49.51.183.0 - - [07/Jul/2025:08:48:45 +0200] "GET / HTTP/1.1" 200 34404 4amtechno.com "-" "Mozilla/5.0 (iPhone; CPU iPhone OS 13_2_3 like Mac OS X) AppleWebKit/605.1.15 (KHTML, like Gecko) Version/13.0.3 Mobile/15E148 Safari/604.1" "-"
17.58.57.0 - - [07/Jul/2025:08:55:24 +0200] "HEAD /feeds/posts/default?alt=rss HTTP/1.1" 404 - www.4amtechno.com "-" "iTMS" "-"
17.58.57.0 - - [07/Jul/2025:08:55:24 +0200] "HEAD /feeds/posts/default?alt=rss HTTP/1.1" 404 - www.4amtechno.com "-" "iTMS" "-"
3.129.111.0 - - [07/Jul/2025:09:09:26 +0200] "GET /2024/10/minimal-techno-in-berlin-entdecke-die.html HTTP/1.1" 404 196 www.4amtechno.com "-" "Mozilla/5.0 (Windows NT 10.0; Win64; x64) AppleWebKit/537.36 (KHTML, like Gecko) Chrome/124.0.0.0 Safari/537.36" "-"
3.129.111.0 - - [07/Jul/2025:09:09:27 +0200] "GET /2024/10/minimal-techno-in-berlin-entdecke-die.html HTTP/1.1" 404 196 www.4amtechno.com "-" "Mozilla/5.0 (Windows NT 10.0; Win64; x64) AppleWebKit/537.36 (KHTML, like Gecko) Chrome/123.0.0.0 Safari/537.36" "-"
54.36.148.0 - - [07/Jul/2025:09:22:22 +0200] "GET / HTTP/1.1" 200 34404 4amtechno.com "-" "Mozilla/5.0 (compatible; AhrefsBot/7.0; +http://ahrefs.com/robot/)" "-"
54.36.148.0 - - [07/Jul/2025:09:22:25 +0200] "GET /js/script-enhanced.js HTTP/1.1" 200 57818 4amtechno.com "-" "Mozilla/5.0 (compatible; AhrefsBot/7.0; +http://ahrefs.com/robot/)" "-"
54.36.148.0 - - [07/Jul/2025:09:22:26 +0200] "GET /css/style-enhanced.css?v=2 HTTP/1.1" 200 73756 4amtechno.com "-" "Mozilla/5.0 (compatible; AhrefsBot/7.0; +http://ahrefs.com/robot/)" "-"
54.36.148.0 - - [07/Jul/2025:09:22:27 +0200] "GET /images/4am-logo.webp HTTP/1.1" 200 76722 4amtechno.com "-" "Mozilla/5.0 (compatible; AhrefsBot/7.0; +http://ahrefs.com/robot/)" "-"
113.161.118.0 - - [07/Jul/2025:09:25:43 +0200] "POST /xmlrpc.php HTTP/1.1" 404 196 4amtechno.com "-" "Mozilla/5.0 (X11; Ubuntu; Linux x86_64; rv:85.0) Gecko/20100101 Firefox/91.0" "-"
3.129.111.0 - - [07/Jul/2025:09:34:37 +0200] "GET /2024/10/minimal-techno-in-berlin-entdecke-die.html HTTP/1.1" 404 196 www.4amtechno.com "-" "Mozilla/5.0 (Macintosh; Intel Mac OS X 10_15_7) AppleWebKit/537.36 (KHTML, like Gecko) Chrome/122.0.0.0 Safari/537.36" "-"
3.129.111.0 - - [07/Jul/2025:09:34:38 +0200] "GET /2024/10/minimal-techno-in-berlin-entdecke-die.html HTTP/1.1" 404 196 www.4amtechno.com "-" "Mozilla/5.0 (Windows NT 10.0; Win64; x64) AppleWebKit/537.36 (KHTML, like Gecko) Chrome/123.0.0.0 Safari/537.36" "-"
17.58.57.0 - - [07/Jul/2025:09:41:26 +0200] "HEAD /feeds/posts/default?alt=rss HTTP/1.1" 404 - www.4amtechno.com "-" "iTMS" "-"
17.58.57.0 - - [07/Jul/2025:09:41:26 +0200] "HEAD /feeds/posts/default?alt=rss HTTP/1.1" 404 - www.4amtechno.com "-" "iTMS" "-"
166.88.123.0 - - [07/Jul/2025:09:48:29 +0200] "GET /2024/10/marco-carola-der-konig-des-minimal.html HTTP/1.1" 404 196 www.4amtechno.com "-" "Mozilla/5.0 (Macintosh; Intel Mac OS X 10_15_7) AppleWebKit/537.36 (KHTML, like Gecko) Chrome/127.0.0.0 Safari/537.3" "-"
209.85.238.0 - - [07/Jul/2025:09:51:43 +0200] "GET /apple-app-site-association HTTP/1.1" 404 196 www.4amtechno.com "-" "Mozilla/5.0 (Linux; Android 6.0.1; Nexus 5X Build/MMB29P) AppleWebKit/537.36 (KHTML, like Gecko) Chrome/137.0.7151.103 Mobile Safari/537.36 (compatible; AdsBot-Google-Mobile; +http://www.google.com/mobile/adsbot.html)" "-"
3.129.111.0 - - [07/Jul/2025:09:59:35 +0200] "GET /2024/10/minimal-techno-in-berlin-entdecke-die.html HTTP/1.1" 404 196 www.4amtechno.com "-" "Mozilla/5.0 (Windows NT 10.0; Win64; x64) AppleWebKit/537.36 (KHTML, like Gecko) Chrome/124.0.0.0 Safari/537.36" "-"
3.129.111.0 - - [07/Jul/2025:09:59:35 +0200] "GET /2024/10/minimal-techno-in-berlin-entdecke-die.html HTTP/1.1" 404 196 www.4amtechno.com "-" "Mozilla/5.0 (Macintosh; Intel Mac OS X 10_15_7) AppleWebKit/537.36 (KHTML, like Gecko) Chrome/123.0.0.0 Safari/537.36" "-"
4.227.36.0 - - [07/Jul/2025:10:00:50 +0200] "GET /robots.txt HTTP/1.1" 429 227 4amtechno.com "-" "Mozilla/5.0 AppleWebKit/537.36 (KHTML, like Gecko; compatible; GPTBot/1.2; +https://openai.com/gptbot)" "-"
182.44.2.0 - - [07/Jul/2025:10:03:36 +0200] "GET / HTTP/1.1" 200 34404 www.4amtechno.com "-" "Mozilla/5.0 (iPhone; CPU iPhone OS 13_2_3 like Mac OS X) AppleWebKit/605.1.15 (KHTML, like Gecko) Version/13.0.3 Mobile/15E148 Safari/604.1" "-"
5.102.173.0 - - [07/Jul/2025:10:06:08 +0200] "GET /robots.txt HTTP/1.1" 200 185 www.4amtechno.com "-" "Mozilla/5.0 (compatible; MojeekBot/0.11; +https://www.mojeek.com/bot.html)" "-"
5.102.173.0 - - [07/Jul/2025:10:06:08 +0200] "GET /2024/10/top-7-musik-apps-fur-mobile-kreativitat.html HTTP/1.1" 404 196 www.4amtechno.com "-" "Mozilla/5.0 (compatible; MojeekBot/0.11; +https://www.mojeek.com/bot.html)" "-"
143.198.229.0 - - [07/Jul/2025:10:07:45 +0200] "GET /blurbs.php HTTP/1.1" 404 196 4amtechno.com "-" "Mozilla/5.0 (Macintosh; Intel Mac OS X 10_15_7) AppleWebKit/605.1.15 Version/15.1 Safari/605.1.15" "-"
143.198.229.0 - - [07/Jul/2025:10:07:45 +0200] "GET /class-t.api.php HTTP/1.1" 404 196 4amtechno.com "-" "Mozilla/5.0 (Macintosh; Intel Mac OS X 10_15_7) AppleWebKit/605.1.15 Version/15.1 Safari/605.1.15" "-"
20.171.207.0 - - [07/Jul/2025:10:08:09 +0200] "GET / HTTP/1.1" 429 227 4amtechno.com "-" "Mozilla/5.0 AppleWebKit/537.36 (KHTML, like Gecko; compatible; GPTBot/1.2; +https://openai.com/gptbot)" "-"
85.214.161.0 - - [07/Jul/2025:10:12:24 +0200] "GET /feeds/posts/default?alt=rss HTTP/1.1" 404 196 www.4amtechno.com "https://www.4amtechno.com/feeds/posts/default?alt=rss" "SimplePie/1.4.3 (Feed Parser; http://simplepie.org; Allow like Gecko) Build/20240509024136" "-"
85.214.161.0 - - [07/Jul/2025:10:12:24 +0200] "GET /feeds/posts/default?alt=rss HTTP/1.1" 404 196 www.4amtechno.com "https://www.4amtechno.com/feeds/posts/default?alt=rss" "SimplePie/1.4.3 (Feed Parser; http://simplepie.org; Allow like Gecko) Build/20240509024136" "-"
5.102.173.0 - - [07/Jul/2025:10:22:20 +0200] "GET /robots.txt HTTP/1.1" 200 185 www.4amtechno.com "-" "Mozilla/5.0 (compatible; MojeekBot/0.11; +https://www.mojeek.com/bot.html)" "-"
5.102.173.0 - - [07/Jul/2025:10:22:20 +0200] "GET /2024/11/techno-musik-ein-umfassender-leitfaden.html HTTP/1.1" 404 196 www.4amtechno.com "-" "Mozilla/5.0 (compatible; MojeekBot/0.11; +https://www.mojeek.com/bot.html)" "-"
3.129.111.0 - - [07/Jul/2025:10:24:48 +0200] "GET /2024/10/minimal-techno-in-berlin-entdecke-die.html HTTP/1.1" 404 196 www.4amtechno.com "-" "Mozilla/5.0 (Windows NT 10.0; Win64; x64) AppleWebKit/537.36 (KHTML, like Gecko) Chrome/124.0.0.0 Safari/537.36" "-"
3.129.111.0 - - [07/Jul/2025:10:24:48 +0200] "GET /2024/10/minimal-techno-in-berlin-entdecke-die.html HTTP/1.1" 404 196 www.4amtechno.com "-" "Mozilla/5.0 (Windows NT 10.0; Win64; x64) AppleWebKit/537.36 (KHTML, like Gecko) Chrome/123.0.0.0 Safari/537.36" "-"
17.58.57.0 - - [07/Jul/2025:10:27:25 +0200] "HEAD /feeds/posts/default?alt=rss HTTP/1.1" 404 - www.4amtechno.com "-" "iTMS" "-"
17.58.57.0 - - [07/Jul/2025:10:27:25 +0200] "HEAD /feeds/posts/default?alt=rss HTTP/1.1" 404 - www.4amtechno.com "-" "iTMS" "-"
43.133.187.0 - - [07/Jul/2025:10:28:46 +0200] "GET / HTTP/1.1" 200 34404 www.4amtechno.com "-" "Mozilla/5.0 (iPhone; CPU iPhone OS 13_2_3 like Mac OS X) AppleWebKit/605.1.15 (KHTML, like Gecko) Version/13.0.3 Mobile/15E148 Safari/604.1" "-"
104.210.140.0 - - [07/Jul/2025:10:30:32 +0200] "GET /robots.txt HTTP/1.1" 200 185 www.4amtechno.com "-" "Mozilla/5.0 (Macintosh; Intel Mac OS X 10_15_7) AppleWebKit/537.36 (KHTML, like Gecko) Chrome/131.0.0.0 Safari/537.36; compatible; OAI-SearchBot/1.0; +https://openai.com/searchbot" "-"
3.129.111.0 - - [07/Jul/2025:10:49:20 +0200] "GET /2024/10/minimal-techno-in-berlin-entdecke-die.html HTTP/1.1" 404 196 www.4amtechno.com "-" "Mozilla/5.0 (Windows NT 10.0; Win64; x64) AppleWebKit/537.36 (KHTML, like Gecko) Chrome/123.0.0.0 Safari/537.36" "-"
3.129.111.0 - - [07/Jul/2025:10:49:20 +0200] "GET /2024/10/minimal-techno-in-berlin-entdecke-die.html HTTP/1.1" 404 196 www.4amtechno.com "-" "Mozilla/5.0 (Macintosh; Intel Mac OS X 10.15; rv:125.0) Gecko/20100101 Firefox/125.0" "-"
54.36.148.0 - - [07/Jul/2025:10:51:55 +0200] "GET /robots.txt HTTP/1.1" 200 185 www.4amtechno.com "-" "Mozilla/5.0 (compatible; AhrefsBot/7.0; +http://ahrefs.com/robot/)" "-"
54.36.148.0 - - [07/Jul/2025:10:51:57 +0200] "GET / HTTP/1.1" 200 34404 www.4amtechno.com "-" "Mozilla/5.0 (compatible; AhrefsBot/7.0; +http://ahrefs.com/robot/)" "-"
54.36.148.0 - - [07/Jul/2025:10:52:07 +0200] "GET /images/4am-logo.webp HTTP/1.1" 200 76722 www.4amtechno.com "-" "Mozilla/5.0 (compatible; AhrefsBot/7.0; +http://ahrefs.com/robot/)" "-"
54.36.148.0 - - [07/Jul/2025:10:52:09 +0200] "GET /js/script-enhanced.js HTTP/1.1" 200 57818 www.4amtechno.com "-" "Mozilla/5.0 (compatible; AhrefsBot/7.0; +http://ahrefs.com/robot/)" "-"
54.36.148.0 - - [07/Jul/2025:10:52:42 +0200] "GET /css/style-enhanced.css?v=2 HTTP/1.1" 200 73756 www.4amtechno.com "-" "Mozilla/5.0 (compatible; AhrefsBot/7.0; +http://ahrefs.com/robot/)" "-"
54.36.148.0 - - [07/Jul/2025:10:52:50 +0200] "GET /images/og-image.jpg HTTP/1.1" 200 86246 4amtechno.com "-" "Mozilla/5.0 (compatible; AhrefsBot/7.0; +http://ahrefs.com/robot/)" "-"
17.58.59.0 - - [07/Jul/2025:11:12:41 +0200] "HEAD /feeds/posts/default?alt=rss HTTP/1.1" 404 - www.4amtechno.com "-" "iTMS" "-"
17.58.59.0 - - [07/Jul/2025:11:12:41 +0200] "HEAD /feeds/posts/default?alt=rss HTTP/1.1" 404 - www.4amtechno.com "-" "iTMS" "-"
2406:5900:: - - [07/Jul/2025:11:14:03 +0200] "POST /xmlrpc.php HTTP/1.1" 404 196 4amtechno.com "-" "Mozilla/5.0 (X11; Ubuntu; Linux x86_64; rv:85.0) Gecko/20100101 Firefox/91.0" "-"
3.129.111.0 - - [07/Jul/2025:11:14:36 +0200] "GET /2024/10/minimal-techno-in-berlin-entdecke-die.html HTTP/1.1" 404 196 www.4amtechno.com "-" "Mozilla/5.0 (Macintosh; Intel Mac OS X 10_15_7) AppleWebKit/605.1.15 (KHTML, like Gecko) Version/15.6 Safari/605.1.15" "-"
3.129.111.0 - - [07/Jul/2025:11:14:37 +0200] "GET /2024/10/minimal-techno-in-berlin-entdecke-die.html HTTP/1.1" 404 196 www.4amtechno.com "-" "Mozilla/5.0 (Macintosh; Intel Mac OS X 10_15_7) AppleWebKit/537.36 (KHTML, like Gecko) Chrome/123.0.0.0 Safari/537.36" "-"
85.214.161.0 - - [07/Jul/2025:11:16:14 +0200] "GET /feeds/posts/default?alt=rss HTTP/1.1" 404 196 www.4amtechno.com "https://www.4amtechno.com/feeds/posts/default?alt=rss" "SimplePie/1.4.3 (Feed Parser; http://simplepie.org; Allow like Gecko) Build/20240509024136" "-"
85.214.161.0 - - [07/Jul/2025:11:16:14 +0200] "GET /feeds/posts/default?alt=rss HTTP/1.1" 404 196 www.4amtechno.com "https://www.4amtechno.com/feeds/posts/default?alt=rss" "SimplePie/1.4.3 (Feed Parser; http://simplepie.org; Allow like Gecko) Build/20240509024136" "-"
3.129.111.0 - - [07/Jul/2025:11:39:15 +0200] "GET /2024/10/minimal-techno-in-berlin-entdecke-die.html HTTP/1.1" 404 196 www.4amtechno.com "-" "Mozilla/5.0 (Windows NT 10.0; Win64; x64) AppleWebKit/537.36 (KHTML, like Gecko) Chrome/123.0.0.0 Safari/537.36" "-"
3.129.111.0 - - [07/Jul/2025:11:39:16 +0200] "GET /2024/10/minimal-techno-in-berlin-entdecke-die.html HTTP/1.1" 404 196 www.4amtechno.com "-" "Mozilla/5.0 (Windows NT 10.0; Win64; x64) AppleWebKit/537.36 (KHTML, like Gecko) Chrome/124.0.0.0 Safari/537.36" "-"
20.191.45.0 - - [07/Jul/2025:11:43:19 +0200] "GET / HTTP/1.1" 200 34404 www.4amtechno.com "http://www.4amtechno.com/" "DuckDuckBot/1.1; (+http://duckduckgo.com/duckduckbot.html)" "-"
20.191.45.0 - - [07/Jul/2025:11:43:19 +0200] "GET /favicon.ico HTTP/1.1" 200 1150 www.4amtechno.com "http://www.4amtechno.com/favicon.ico" "DuckDuckBot/1.1; (+http://duckduckgo.com/duckduckbot.html)" "-"
2a02:598:: - - [07/Jul/2025:11:46:27 +0200] "GET /robots.txt HTTP/1.1" 200 185 www.4amtechno.com "-" "Mozilla/5.0 (compatible; SeznamBot/4.0; +https://o-seznam.cz/napoveda/vyhledavani/en/seznambot-crawler/)" "-"
2a02:598:: - - [07/Jul/2025:11:48:49 +0200] "GET /sitemap.xml HTTP/1.1" 200 2526 www.4amtechno.com "-" "Mozilla/5.0 (compatible; SeznamBot/4.0; +https://o-seznam.cz/napoveda/vyhledavani/en/seznambot-crawler/)" "-"
17.58.57.0 - - [07/Jul/2025:11:59:10 +0200] "HEAD /feeds/posts/default?alt=rss HTTP/1.1" 404 - www.4amtechno.com "-" "iTMS" "-"
17.58.57.0 - - [07/Jul/2025:11:59:10 +0200] "HEAD /feeds/posts/default?alt=rss HTTP/1.1" 404 - www.4amtechno.com "-" "iTMS" "-"
192.99.15.0 - - [07/Jul/2025:11:59:46 +0200] "GET /robots.txt HTTP/1.1" 200 185 4amtechno.com "-" "Mozilla/5.0 (compatible; MJ12bot/v1.4.8; http://mj12bot.com/)" "-"
192.99.15.0 - - [07/Jul/2025:11:59:48 +0200] "GET /'%20.%20htmlspecialchars($canonical_url)%20.%20' HTTP/1.1" 404 196 4amtechno.com "-" "Mozilla/5.0 (compatible; MJ12bot/v1.4.8; http://mj12bot.com/)" "-"
3.129.111.0 - - [07/Jul/2025:12:04:42 +0200] "GET /2024/10/minimal-techno-in-berlin-entdecke-die.html HTTP/1.1" 404 196 www.4amtechno.com "-" "Mozilla/5.0 (Windows NT 10.0; Win64; x64) AppleWebKit/537.36 (KHTML, like Gecko) Chrome/100.0.4896.127 Safari/537.36" "-"
3.129.111.0 - - [07/Jul/2025:12:04:43 +0200] "GET /2024/10/minimal-techno-in-berlin-entdecke-die.html HTTP/1.1" 404 196 www.4amtechno.com "-" "Mozilla/5.0 (Macintosh; Intel Mac OS X 10_15_7) AppleWebKit/605.1.15 (KHTML, like Gecko) Version/17.3.1 Safari/605.1.15" "-"
87.250.224.0 - - [07/Jul/2025:12:10:10 +0200] "GET /robots.txt HTTP/1.1" 429 227 www.4amtechno.com "-" "Mozilla/5.0 (compatible; YandexBot/3.0; +http://yandex.com/bots)" "-"
85.214.161.0 - - [07/Jul/2025:12:10:57 +0200] "GET /feeds/posts/default?alt=rss HTTP/1.1" 404 196 www.4amtechno.com "https://www.4amtechno.com/feeds/posts/default?alt=rss" "SimplePie/1.4.3 (Feed Parser; http://simplepie.org; Allow like Gecko) Build/20240509024136" "-"
85.214.161.0 - - [07/Jul/2025:12:10:57 +0200] "GET /feeds/posts/default?alt=rss HTTP/1.1" 404 196 www.4amtechno.com "https://www.4amtechno.com/feeds/posts/default?alt=rss" "SimplePie/1.4.3 (Feed Parser; http://simplepie.org; Allow like Gecko) Build/20240509024136" "-"
95.108.213.0 - - [07/Jul/2025:12:12:10 +0200] "GET /robots.txt HTTP/1.1" 429 227 www.4amtechno.com "-" "Mozilla/5.0 (compatible; YandexBot/3.0; +http://yandex.com/bots)" "-"
54.174.58.0 - - [07/Jul/2025:12:13:31 +0200] "GET /robots.txt HTTP/1.1" 200 185 4amtechno.com "-" "Mozilla/5.0 (compatible; HubSpot Crawler; HubSpot Domain check; +https://www.hubspot.com)" "-"
54.174.58.0 - - [07/Jul/2025:12:13:31 +0200] "GET / HTTP/1.1" 200 34404 4amtechno.com "-" "Mozilla/5.0 (compatible; HubSpot Crawler; HubSpot Domain check; +https://www.hubspot.com)" "-"
213.180.203.0 - - [07/Jul/2025:12:14:10 +0200] "GET /robots.txt HTTP/1.1" 429 227 www.4amtechno.com "-" "Mozilla/5.0 (compatible; YandexBot/3.0; +http://yandex.com/bots)" "-"
87.250.224.0 - - [07/Jul/2025:12:16:10 +0200] "GET /robots.txt HTTP/1.1" 429 227 www.4amtechno.com "-" "Mozilla/5.0 (compatible; YandexBot/3.0; +http://yandex.com/bots)" "-"
87.250.224.0 - - [07/Jul/2025:12:18:10 +0200] "GET /robots.txt HTTP/1.1" 429 227 www.4amtechno.com "-" "Mozilla/5.0 (compatible; YandexBot/3.0; +http://yandex.com/bots)" "-"
157.55.39.0 - - [07/Jul/2025:12:19:20 +0200] "GET /images/og-image.jpg HTTP/1.1" 200 86246 4amtechno.com "-" "Mozilla/5.0 AppleWebKit/537.36 (KHTML, like Gecko; compatible; bingbot/2.0; +http://www.bing.com/bingbot.htm) Chrome/116.0.1938.76 Safari/537.36" "-"
87.250.224.0 - - [07/Jul/2025:12:20:10 +0200] "GET /robots.txt HTTP/1.1" 429 227 www.4amtechno.com "-" "Mozilla/5.0 (compatible; YandexBot/3.0; +http://yandex.com/bots)" "-"
95.108.213.0 - - [07/Jul/2025:12:20:11 +0200] "GET /sitemap HTTP/1.1" 429 227 www.4amtechno.com "-" "Mozilla/5.0 (compatible; YandexBot/3.0; +http://yandex.com/bots)" "-"
5.255.231.0 - - [07/Jul/2025:12:20:29 +0200] "GET /robots.txt HTTP/1.1" 429 227 www.4amtechno.com "-" "Mozilla/5.0 (compatible; YandexBot/3.0; +http://yandex.com/bots)" "-"
5.255.231.0 - - [07/Jul/2025:12:22:10 +0200] "GET /robots.txt HTTP/1.1" 429 227 www.4amtechno.com "-" "Mozilla/5.0 (compatible; YandexBot/3.0; +http://yandex.com/bots)" "-"
213.180.203.0 - - [07/Jul/2025:12:22:29 +0200] "GET /robots.txt HTTP/1.1" 429 227 www.4amtechno.com "-" "Mozilla/5.0 (compatible; YandexBot/3.0; +http://yandex.com/bots)" "-"
95.108.213.0 - - [07/Jul/2025:12:24:29 +0200] "GET /robots.txt HTTP/1.1" 429 227 www.4amtechno.com "-" "Mozilla/5.0 (compatible; YandexBot/3.0; +http://yandex.com/bots)" "-"
95.108.213.0 - - [07/Jul/2025:12:26:11 +0200] "GET /robots.txt HTTP/1.1" 429 227 www.4amtechno.com "-" "Mozilla/5.0 (compatible; YandexBot/3.0; +http://yandex.com/bots)" "-"
87.250.224.0 - - [07/Jul/2025:12:26:29 +0200] "GET /robots.txt HTTP/1.1" 429 227 www.4amtechno.com "-" "Mozilla/5.0 (compatible; YandexBot/3.0; +http://yandex.com/bots)" "-"
