104.43.200.0 - - [07/Jul/2025:00:03:38 +0200] "HEAD /2023 HTTP/1.1" 404 - 4amtechno.com "-" "Mozilla/5.0 (X11; Linux x86_64) AppleWebKit/537.36 (KHTML, like Gecko) Chrome/96.0.4664.45 Safari/537.36" "-"
104.234.32.0 - - [07/Jul/2025:00:07:18 +0200] "GET / HTTP/1.1" 200 34404 4amtechno.com "-" "Mozilla/5.0 (Windows NT 10.0; Win64; x64) AppleWebKit/537.36 (KHTML, like Gecko) Chrome/95.0.4638.69 Safari/537.36" "-"
104.234.32.0 - - [07/Jul/2025:00:07:19 +0200] "GET /wp-includes/ID3/license.txt HTTP/1.1" 404 196 4amtechno.com "-" "Mozilla/5.0 (Windows NT 10.0; Win64; x64) AppleWebKit/537.36 (KHTML, like Gecko) Chrome/95.0.4638.69 Safari/537.36" "-"
104.234.32.0 - - [07/Jul/2025:00:07:19 +0200] "GET /feed/ HTTP/1.1" 404 196 4amtechno.com "-" "Mozilla/5.0 (Windows NT 10.0; Win64; x64) AppleWebKit/537.36 (KHTML, like Gecko) Chrome/95.0.4638.69 Safari/537.36" "-"
104.234.32.0 - - [07/Jul/2025:00:07:19 +0200] "GET /xmlrpc.php?rsd HTTP/1.1" 404 196 4amtechno.com "-" "Mozilla/5.0 (Windows NT 10.0; Win64; x64) AppleWebKit/537.36 (KHTML, like Gecko) Chrome/95.0.4638.69 Safari/537.36" "-"
104.234.32.0 - - [07/Jul/2025:00:07:20 +0200] "GET /blog/wp-includes/wlwmanifest.xml HTTP/1.1" 404 196 4amtechno.com "-" "Mozilla/5.0 (Windows NT 10.0; Win64; x64) AppleWebKit/537.36 (KHTML, like Gecko) Chrome/95.0.4638.69 Safari/537.36" "-"
104.234.32.0 - - [07/Jul/2025:00:07:20 +0200] "GET /web/wp-includes/wlwmanifest.xml HTTP/1.1" 404 196 4amtechno.com "-" "Mozilla/5.0 (Windows NT 10.0; Win64; x64) AppleWebKit/537.36 (KHTML, like Gecko) Chrome/95.0.4638.69 Safari/537.36" "-"
104.234.32.0 - - [07/Jul/2025:00:07:20 +0200] "GET /wordpress/wp-includes/wlwmanifest.xml HTTP/1.1" 404 196 4amtechno.com "-" "Mozilla/5.0 (Windows NT 10.0; Win64; x64) AppleWebKit/537.36 (KHTML, like Gecko) Chrome/95.0.4638.69 Safari/537.36" "-"
104.234.32.0 - - [07/Jul/2025:00:07:21 +0200] "GET /wp/wp-includes/wlwmanifest.xml HTTP/1.1" 404 196 4amtechno.com "-" "Mozilla/5.0 (Windows NT 10.0; Win64; x64) AppleWebKit/537.36 (KHTML, like Gecko) Chrome/95.0.4638.69 Safari/537.36" "-"
104.234.32.0 - - [07/Jul/2025:00:07:21 +0200] "GET /2020/wp-includes/wlwmanifest.xml HTTP/1.1" 404 196 4amtechno.com "-" "Mozilla/5.0 (Windows NT 10.0; Win64; x64) AppleWebKit/537.36 (KHTML, like Gecko) Chrome/95.0.4638.69 Safari/537.36" "-"
104.234.32.0 - - [07/Jul/2025:00:07:21 +0200] "GET /2019/wp-includes/wlwmanifest.xml HTTP/1.1" 404 196 4amtechno.com "-" "Mozilla/5.0 (Windows NT 10.0; Win64; x64) AppleWebKit/537.36 (KHTML, like Gecko) Chrome/95.0.4638.69 Safari/537.36" "-"
104.234.32.0 - - [07/Jul/2025:00:07:22 +0200] "GET /2021/wp-includes/wlwmanifest.xml HTTP/1.1" 404 196 4amtechno.com "-" "Mozilla/5.0 (Windows NT 10.0; Win64; x64) AppleWebKit/537.36 (KHTML, like Gecko) Chrome/95.0.4638.69 Safari/537.36" "-"
104.234.32.0 - - [07/Jul/2025:00:07:22 +0200] "GET /shop/wp-includes/wlwmanifest.xml HTTP/1.1" 404 196 4amtechno.com "-" "Mozilla/5.0 (Windows NT 10.0; Win64; x64) AppleWebKit/537.36 (KHTML, like Gecko) Chrome/95.0.4638.69 Safari/537.36" "-"
104.234.32.0 - - [07/Jul/2025:00:07:22 +0200] "GET /wp1/wp-includes/wlwmanifest.xml HTTP/1.1" 404 196 4amtechno.com "-" "Mozilla/5.0 (Windows NT 10.0; Win64; x64) AppleWebKit/537.36 (KHTML, like Gecko) Chrome/95.0.4638.69 Safari/537.36" "-"
104.234.32.0 - - [07/Jul/2025:00:07:23 +0200] "GET /test/wp-includes/wlwmanifest.xml HTTP/1.1" 404 196 4amtechno.com "-" "Mozilla/5.0 (Windows NT 10.0; Win64; x64) AppleWebKit/537.36 (KHTML, like Gecko) Chrome/95.0.4638.69 Safari/537.36" "-"
104.234.32.0 - - [07/Jul/2025:00:07:23 +0200] "GET /site/wp-includes/wlwmanifest.xml HTTP/1.1" 404 196 4amtechno.com "-" "Mozilla/5.0 (Windows NT 10.0; Win64; x64) AppleWebKit/537.36 (KHTML, like Gecko) Chrome/95.0.4638.69 Safari/537.36" "-"
104.234.32.0 - - [07/Jul/2025:00:07:23 +0200] "GET /cms/wp-includes/wlwmanifest.xml HTTP/1.1" 301 260 4amtechno.com "-" "Mozilla/5.0 (Windows NT 10.0; Win64; x64) AppleWebKit/537.36 (KHTML, like Gecko) Chrome/95.0.4638.69 Safari/537.36" "-"
85.214.161.0 - - [07/Jul/2025:00:11:18 +0200] "GET /feeds/posts/default?alt=rss HTTP/1.1" 404 196 www.4amtechno.com "https://www.4amtechno.com/feeds/posts/default?alt=rss" "SimplePie/1.4.3 (Feed Parser; http://simplepie.org; Allow like Gecko) Build/20240509024136" "-"
85.214.161.0 - - [07/Jul/2025:00:11:18 +0200] "GET /feeds/posts/default?alt=rss HTTP/1.1" 404 196 www.4amtechno.com "https://www.4amtechno.com/feeds/posts/default?alt=rss" "SimplePie/1.4.3 (Feed Parser; http://simplepie.org; Allow like Gecko) Build/20240509024136" "-"
104.43.200.0 - - [07/Jul/2025:00:12:07 +0200] "HEAD /2024 HTTP/1.1" 404 - 4amtechno.com "-" "Mozilla/5.0 (X11; Linux x86_64) AppleWebKit/537.36 (KHTML, like Gecko) Chrome/96.0.4664.45 Safari/537.36" "-"
135.181.114.0 - - [07/Jul/2025:00:19:06 +0200] "POST /xmlrpc.php HTTP/1.1" 404 196 4amtechno.com "-" "Mozilla/5.0 (X11; Ubuntu; Linux x86_64; rv:85.0) Gecko/20100101 Firefox/91.0" "-"
104.43.200.0 - - [07/Jul/2025:00:22:21 +0200] "HEAD /2017 HTTP/1.1" 404 - 4amtechno.com "-" "Mozilla/5.0 (X11; Linux x86_64) AppleWebKit/537.36 (KHTML, like Gecko) Chrome/96.0.4664.45 Safari/537.36" "-"
3.129.111.0 - - [07/Jul/2025:00:24:15 +0200] "GET /2024/10/minimal-techno-in-berlin-entdecke-die.html HTTP/1.1" 404 196 www.4amtechno.com "-" "Mozilla/5.0 (Windows NT 10.0; Win64; x64) AppleWebKit/537.36 (KHTML, like Gecko) Chrome/123.0.0.0 Safari/537.36" "-"
3.129.111.0 - - [07/Jul/2025:00:24:15 +0200] "GET /2024/10/minimal-techno-in-berlin-entdecke-die.html HTTP/1.1" 404 196 www.4amtechno.com "-" "Mozilla/5.0 (Macintosh; Intel Mac OS X 10_15_7) AppleWebKit/537.36 (KHTML, like Gecko) Chrome/123.0.0.0 Safari/537.36" "-"
104.43.200.0 - - [07/Jul/2025:00:24:45 +0200] "HEAD /2020 HTTP/1.1" 404 - 4amtechno.com "-" "Mozilla/5.0 (X11; Linux x86_64) AppleWebKit/537.36 (KHTML, like Gecko) Chrome/96.0.4664.45 Safari/537.36" "-"
17.58.57.0 - - [07/Jul/2025:00:27:33 +0200] "HEAD /feeds/posts/default?alt=rss HTTP/1.1" 404 - www.4amtechno.com "-" "iTMS" "-"
17.58.57.0 - - [07/Jul/2025:00:27:33 +0200] "HEAD /feeds/posts/default?alt=rss HTTP/1.1" 404 - www.4amtechno.com "-" "iTMS" "-"
185.177.72.0 - - [07/Jul/2025:00:34:38 +0200] "GET /.git/HEAD HTTP/1.1" 403 199 4amtechno.com "-" "-" "-"
185.177.72.0 - - [07/Jul/2025:00:34:38 +0200] "GET / HTTP/1.1" 200 34404 4amtechno.com "-" "Mozilla/5.0 (Windows NT 10.0; Win64; x64) AppleWebKit/537.36 (KHTML, like Gecko) Chrome/91.0.4472.124 Safari/537.36" "-"
185.177.72.0 - - [07/Jul/2025:00:34:38 +0200] "GET /js/script-enhanced.js HTTP/1.1" 200 57818 4amtechno.com "-" "Mozilla/5.0 (Windows NT 10.0; Win64; x64) AppleWebKit/537.36 (KHTML, like Gecko) Chrome/91.0.4472.124 Safari/537.36" "-"
185.177.72.0 - - [07/Jul/2025:00:34:38 +0200] "GET /manifest.json HTTP/1.1" 200 458 4amtechno.com "-" "Mozilla/5.0 (Windows NT 10.0; Win64; x64) AppleWebKit/537.36 (KHTML, like Gecko) Chrome/91.0.4472.124 Safari/537.36" "-"
185.177.72.0 - - [07/Jul/2025:00:34:38 +0200] "GET /index.php HTTP/1.1" 200 34404 4amtechno.com "-" "Mozilla/5.0 (Windows NT 10.0; Win64; x64) AppleWebKit/537.36 (KHTML, like Gecko) Chrome/91.0.4472.124 Safari/537.36" "-"
185.177.72.0 - - [07/Jul/2025:00:34:38 +0200] "GET /about.php HTTP/1.1" 200 24707 4amtechno.com "-" "Mozilla/5.0 (Windows NT 10.0; Win64; x64) AppleWebKit/537.36 (KHTML, like Gecko) Chrome/91.0.4472.124 Safari/537.36" "-"
185.177.72.0 - - [07/Jul/2025:00:34:38 +0200] "GET /partydates.php HTTP/1.1" 200 38964 4amtechno.com "-" "Mozilla/5.0 (Windows NT 10.0; Win64; x64) AppleWebKit/537.36 (KHTML, like Gecko) Chrome/91.0.4472.124 Safari/537.36" "-"
185.177.72.0 - - [07/Jul/2025:00:34:38 +0200] "GET /blog.php HTTP/1.1" 200 22461 4amtechno.com "-" "Mozilla/5.0 (Windows NT 10.0; Win64; x64) AppleWebKit/537.36 (KHTML, like Gecko) Chrome/91.0.4472.124 Safari/537.36" "-"
185.177.72.0 - - [07/Jul/2025:00:34:38 +0200] "GET /downloads.php HTTP/1.1" 200 23057 4amtechno.com "-" "Mozilla/5.0 (Windows NT 10.0; Win64; x64) AppleWebKit/537.36 (KHTML, like Gecko) Chrome/91.0.4472.124 Safari/537.36" "-"
185.177.72.0 - - [07/Jul/2025:00:34:38 +0200] "GET /apps.php HTTP/1.1" 200 54801 4amtechno.com "-" "Mozilla/5.0 (Windows NT 10.0; Win64; x64) AppleWebKit/537.36 (KHTML, like Gecko) Chrome/91.0.4472.124 Safari/537.36" "-"
185.177.72.0 - - [07/Jul/2025:00:34:38 +0200] "GET /music.php HTTP/1.1" 200 96870 4amtechno.com "-" "Mozilla/5.0 (Windows NT 10.0; Win64; x64) AppleWebKit/537.36 (KHTML, like Gecko) Chrome/91.0.4472.124 Safari/537.36" "-"
185.177.72.0 - - [07/Jul/2025:00:34:39 +0200] "GET /partydates.php HTTP/1.1" 200 38964 4amtechno.com "-" "Mozilla/5.0 (Windows NT 10.0; Win64; x64) AppleWebKit/537.36 (KHTML, like Gecko) Chrome/91.0.4472.124 Safari/537.36" "-"
185.177.72.0 - - [07/Jul/2025:00:34:39 +0200] "GET /about.php HTTP/1.1" 200 24707 4amtechno.com "-" "Mozilla/5.0 (Windows NT 10.0; Win64; x64) AppleWebKit/537.36 (KHTML, like Gecko) Chrome/91.0.4472.124 Safari/537.36" "-"
185.177.72.0 - - [07/Jul/2025:00:34:39 +0200] "GET /ytsitemap.php HTTP/1.1" 200 85846 4amtechno.com "-" "Mozilla/5.0 (Windows NT 10.0; Win64; x64) AppleWebKit/537.36 (KHTML, like Gecko) Chrome/91.0.4472.124 Safari/537.36" "-"
185.177.72.0 - - [07/Jul/2025:00:34:39 +0200] "GET /legal.php HTTP/1.1" 200 26097 4amtechno.com "-" "Mozilla/5.0 (Windows NT 10.0; Win64; x64) AppleWebKit/537.36 (KHTML, like Gecko) Chrome/91.0.4472.124 Safari/537.36" "-"
185.177.72.0 - - [07/Jul/2025:00:34:39 +0200] "GET /datenschutz.php HTTP/1.1" 200 28742 4amtechno.com "-" "Mozilla/5.0 (Windows NT 10.0; Win64; x64) AppleWebKit/537.36 (KHTML, like Gecko) Chrome/91.0.4472.124 Safari/537.36" "-"
185.177.72.0 - - [07/Jul/2025:00:34:39 +0200] "GET /agb.php HTTP/1.1" 200 26649 4amtechno.com "-" "Mozilla/5.0 (Windows NT 10.0; Win64; x64) AppleWebKit/537.36 (KHTML, like Gecko) Chrome/91.0.4472.124 Safari/537.36" "-"
104.43.200.0 - - [07/Jul/2025:00:35:56 +0200] "HEAD /2019 HTTP/1.1" 404 - 4amtechno.com "-" "Mozilla/5.0 (X11; Linux x86_64) AppleWebKit/537.36 (KHTML, like Gecko) Chrome/96.0.4664.45 Safari/537.36" "-"
85.208.98.0 - - [07/Jul/2025:00:41:24 +0200] "GET /robots.txt HTTP/1.1" 429 227 www.4amtechno.com "-" "Mozilla/5.0 (compatible; SemrushBot-BA; +http://www.semrush.com/bot.html)" "-"
85.208.98.0 - - [07/Jul/2025:00:43:20 +0200] "GET /2024/10/ HTTP/1.1" 429 227 www.4amtechno.com "-" "Mozilla/5.0 (compatible; SemrushBot-BA; +http://www.semrush.com/bot.html)" "-"
85.208.98.0 - - [07/Jul/2025:00:43:54 +0200] "GET /search HTTP/1.1" 429 227 www.4amtechno.com "-" "Mozilla/5.0 (compatible; SemrushBot-BA; +http://www.semrush.com/bot.html)" "-"
3.129.111.0 - - [07/Jul/2025:00:44:21 +0200] "GET /2024/10/minimal-techno-in-berlin-entdecke-die.html HTTP/1.1" 404 196 www.4amtechno.com "-" "Mozilla/5.0 (Windows NT 10.0; Win64; x64) AppleWebKit/537.36 (KHTML, like Gecko) Chrome/123.0.0.0 Safari/537.36" "-"
3.129.111.0 - - [07/Jul/2025:00:44:22 +0200] "GET /2024/10/minimal-techno-in-berlin-entdecke-die.html HTTP/1.1" 404 196 www.4amtechno.com "-" "Mozilla/5.0 (Windows NT 10.0; Win64; x64) AppleWebKit/537.36 (KHTML, like Gecko) Chrome/123.0.0.0 Safari/537.36" "-"
85.208.98.0 - - [07/Jul/2025:00:44:47 +0200] "GET /2024/ HTTP/1.1" 429 227 www.4amtechno.com "-" "Mozilla/5.0 (compatible; SemrushBot-BA; +http://www.semrush.com/bot.html)" "-"
185.191.171.0 - - [07/Jul/2025:00:44:50 +0200] "GET /robots.txt HTTP/1.1" 429 227 www.4amtechno.com "-" "Mozilla/5.0 (compatible; SemrushBot/7~bl; +http://www.semrush.com/bot.html)" "-"
185.191.171.0 - - [07/Jul/2025:00:44:50 +0200] "GET /2024/12/drogenreport-eine-alarmierende.html HTTP/1.1" 429 227 www.4amtechno.com "-" "Mozilla/5.0 (compatible; SemrushBot/7~bl; +http://www.semrush.com/bot.html)" "-"
85.208.98.0 - - [07/Jul/2025:00:45:29 +0200] "GET /2024/10/explore-best-minimal-techno-and.html HTTP/1.1" 429 227 www.4amtechno.com "-" "Mozilla/5.0 (compatible; SemrushBot-BA; +http://www.semrush.com/bot.html)" "-"
20.171.207.0 - - [07/Jul/2025:00:45:40 +0200] "GET / HTTP/1.1" 429 227 4amtechno.com "-" "Mozilla/5.0 AppleWebKit/537.36 (KHTML, like Gecko; compatible; GPTBot/1.2; +https://openai.com/gptbot)" "-"
85.208.98.0 - - [07/Jul/2025:00:45:55 +0200] "GET / HTTP/1.1" 429 227 www.4amtechno.com "-" "Mozilla/5.0 (compatible; SemrushBot-BA; +http://www.semrush.com/bot.html)" "-"
85.208.98.0 - - [07/Jul/2025:00:46:26 +0200] "GET /2024/12/the-deep-side-of-minimal-techno-eine.html HTTP/1.1" 429 227 www.4amtechno.com "-" "Mozilla/5.0 (compatible; SemrushBot-BA; +http://www.semrush.com/bot.html)" "-"
104.43.200.0 - - [07/Jul/2025:00:50:16 +0200] "HEAD /2018 HTTP/1.1" 404 - 4amtechno.com "-" "Mozilla/5.0 (X11; Linux x86_64) AppleWebKit/537.36 (KHTML, like Gecko) Chrome/96.0.4664.45 Safari/537.36" "-"
104.43.200.0 - - [07/Jul/2025:00:57:18 +0200] "HEAD /backup HTTP/1.1" 404 - 4amtechno.com "-" "Mozilla/5.0 (X11; Linux x86_64) AppleWebKit/537.36 (KHTML, like Gecko) Chrome/96.0.4664.45 Safari/537.36" "-"
140.143.98.0 - - [07/Jul/2025:01:04:09 +0200] "GET / HTTP/1.1" 200 34404 4amtechno.com "-" "Mozilla/5.0 (iPhone; CPU iPhone OS 13_2_3 like Mac OS X) AppleWebKit/605.1.15 (KHTML, like Gecko) Version/13.0.3 Mobile/15E148 Safari/604.1" "-"
104.43.200.0 - - [07/Jul/2025:01:05:33 +0200] "HEAD /test HTTP/1.1" 404 - 4amtechno.com "-" "Mozilla/5.0 (X11; Linux x86_64) AppleWebKit/537.36 (KHTML, like Gecko) Chrome/96.0.4664.45 Safari/537.36" "-"
3.129.111.0 - - [07/Jul/2025:01:09:33 +0200] "GET /2024/10/minimal-techno-in-berlin-entdecke-die.html HTTP/1.1" 404 196 www.4amtechno.com "-" "Mozilla/5.0 (Macintosh; Intel Mac OS X 10_15_7) AppleWebKit/605.1.15 (KHTML, like Gecko) Version/17.3.1 Safari/605.1.15" "-"
3.129.111.0 - - [07/Jul/2025:01:09:33 +0200] "GET /2024/10/minimal-techno-in-berlin-entdecke-die.html HTTP/1.1" 404 196 www.4amtechno.com "-" "Mozilla/5.0 (Windows NT 10.0; Win64; x64) AppleWebKit/537.36 (KHTML, like Gecko) Chrome/124.0.0.0 Safari/537.36" "-"
104.43.200.0 - - [07/Jul/2025:01:12:05 +0200] "HEAD /Test HTTP/1.1" 404 - 4amtechno.com "-" "Mozilla/5.0 (X11; Linux x86_64) AppleWebKit/537.36 (KHTML, like Gecko) Chrome/96.0.4664.45 Safari/537.36" "-"
17.58.57.0 - - [07/Jul/2025:01:12:47 +0200] "HEAD /feeds/posts/default?alt=rss HTTP/1.1" 404 - www.4amtechno.com "-" "iTMS" "-"
17.58.57.0 - - [07/Jul/2025:01:12:47 +0200] "HEAD /feeds/posts/default?alt=rss HTTP/1.1" 404 - www.4amtechno.com "-" "iTMS" "-"
85.214.161.0 - - [07/Jul/2025:01:16:01 +0200] "GET /feeds/posts/default?alt=rss HTTP/1.1" 404 196 www.4amtechno.com "https://www.4amtechno.com/feeds/posts/default?alt=rss" "SimplePie/1.4.3 (Feed Parser; http://simplepie.org; Allow like Gecko) Build/20240509024136" "-"
85.214.161.0 - - [07/Jul/2025:01:16:01 +0200] "GET /feeds/posts/default?alt=rss HTTP/1.1" 404 196 www.4amtechno.com "https://www.4amtechno.com/feeds/posts/default?alt=rss" "SimplePie/1.4.3 (Feed Parser; http://simplepie.org; Allow like Gecko) Build/20240509024136" "-"
104.43.200.0 - - [07/Jul/2025:01:22:49 +0200] "HEAD /TEST HTTP/1.1" 404 - 4amtechno.com "-" "Mozilla/5.0 (X11; Linux x86_64) AppleWebKit/537.36 (KHTML, like Gecko) Chrome/96.0.4664.45 Safari/537.36" "-"
54.36.148.0 - - [07/Jul/2025:01:29:40 +0200] "GET /sitemap.xml HTTP/1.1" 200 2526 www.4amtechno.com "-" "Mozilla/5.0 (compatible; AhrefsBot/7.0; +http://ahrefs.com/robot/)" "-"
104.43.200.0 - - [07/Jul/2025:01:34:12 +0200] "HEAD /demo HTTP/1.1" 404 - 4amtechno.com "-" "Mozilla/5.0 (X11; Linux x86_64) AppleWebKit/537.36 (KHTML, like Gecko) Chrome/96.0.4664.45 Safari/537.36" "-"
3.129.111.0 - - [07/Jul/2025:01:34:28 +0200] "GET /2024/10/minimal-techno-in-berlin-entdecke-die.html HTTP/1.1" 404 196 www.4amtechno.com "-" "Mozilla/5.0 (Windows NT 10.0; Win64; x64) AppleWebKit/537.36 (KHTML, like Gecko) Chrome/124.0.0.0 Safari/537.36" "-"
3.129.111.0 - - [07/Jul/2025:01:34:28 +0200] "GET /2024/10/minimal-techno-in-berlin-entdecke-die.html HTTP/1.1" 404 196 www.4amtechno.com "-" "Mozilla/5.0 (Macintosh; Intel Mac OS X 10_15_7) AppleWebKit/605.1.15 (KHTML, like Gecko) Version/17.4.1 Safari/605.1.15" "-"
104.43.200.0 - - [07/Jul/2025:01:39:34 +0200] "HEAD /bc HTTP/1.1" 404 - 4amtechno.com "-" "Mozilla/5.0 (X11; Linux x86_64) AppleWebKit/537.36 (KHTML, like Gecko) Chrome/96.0.4664.45 Safari/537.36" "-"
2602:fb54:300:: - - [07/Jul/2025:01:44:31 +0200] "GET /about.php?action=p&api=p&path=p&token HTTP/1.1" 200 24707 4amtechno.com "www.google.com" "Mozlila/5.0 (Linux; Android 7.0; SM-G892A Bulid/NRD90M; wv) AppleWebKit/537.36 (KHTML, like Gecko) Version/4.0 Chrome/60.0.3112.107 Moblie Safari/537.36" "-"
51.68.236.0 - - [07/Jul/2025:01:44:31 +0200] "GET /robots.txt HTTP/1.1" 200 185 4amtechno.com "-" "Mozilla/5.0 (compatible; MJ12bot/v2.0.2; http://mj12bot.com/)" "-"
51.68.236.0 - - [07/Jul/2025:01:44:31 +0200] "GET / HTTP/1.1" 200 34404 4amtechno.com "-" "Mozilla/5.0 (compatible; MJ12bot/v2.0.2; http://mj12bot.com/)" "-"
2602:fb54:300:: - - [07/Jul/2025:01:44:53 +0200] "GET /about.php?action=p&api=p&path=p&token HTTP/1.1" 200 24707 4amtechno.com "www.google.com" "Mozlila/5.0 (Linux; Android 7.0; SM-G892A Bulid/NRD90M; wv) AppleWebKit/537.36 (KHTML, like Gecko) Version/4.0 Chrome/60.0.3112.107 Moblie Safari/537.36" "-"
185.191.171.0 - - [07/Jul/2025:01:45:04 +0200] "GET /robots.txt HTTP/1.1" 429 227 www.4amtechno.com "-" "Mozilla/5.0 (compatible; SemrushBot/7~bl; +http://www.semrush.com/bot.html)" "-"
185.191.171.0 - - [07/Jul/2025:01:45:05 +0200] "GET /2024/12/drei-tipps-um-deinen-808-bass-perfekt.html HTTP/1.1" 429 227 www.4amtechno.com "-" "Mozilla/5.0 (compatible; SemrushBot/7~bl; +http://www.semrush.com/bot.html)" "-"
2602:fb54:300:: - - [07/Jul/2025:01:45:08 +0200] "GET /admin.php?action=p&api=p&path=p&token HTTP/1.1" 404 196 4amtechno.com "www.google.com" "Mozlila/5.0 (Linux; Android 7.0; SM-G892A Bulid/NRD90M; wv) AppleWebKit/537.36 (KHTML, like Gecko) Version/4.0 Chrome/60.0.3112.107 Moblie Safari/537.36" "-"
2602:fb54:300:: - - [07/Jul/2025:01:45:22 +0200] "GET /admin.php?action=p&api=p&path=p&token HTTP/1.1" 404 196 4amtechno.com "www.google.com" "Mozlila/5.0 (Linux; Android 7.0; SM-G892A Bulid/NRD90M; wv) AppleWebKit/537.36 (KHTML, like Gecko) Version/4.0 Chrome/60.0.3112.107 Moblie Safari/537.36" "-"
43.166.247.0 - - [07/Jul/2025:01:46:26 +0200] "GET / HTTP/1.1" 200 34404 4amtechno.com "-" "Mozilla/5.0 (iPhone; CPU iPhone OS 13_2_3 like Mac OS X) AppleWebKit/605.1.15 (KHTML, like Gecko) Version/13.0.3 Mobile/15E148 Safari/604.1" "-"
18.97.14.0 - - [07/Jul/2025:01:52:37 +0200] "GET /robots.txt HTTP/1.1" 200 185 www.4amtechno.com "-" "CCBot/2.0 (https://commoncrawl.org/faq/)" "-"
18.97.14.0 - - [07/Jul/2025:01:52:37 +0200] "GET /sitemap.xml HTTP/1.1" 200 2526 www.4amtechno.com "-" "CCBot/2.0 (https://commoncrawl.org/faq/)" "-"
104.43.200.0 - - [07/Jul/2025:01:55:18 +0200] "HEAD /www HTTP/1.1" 404 - 4amtechno.com "-" "Mozilla/5.0 (X11; Linux x86_64) AppleWebKit/537.36 (KHTML, like Gecko) Chrome/96.0.4664.45 Safari/537.36" "-"
3.129.111.0 - - [07/Jul/2025:01:59:21 +0200] "GET /2024/10/minimal-techno-in-berlin-entdecke-die.html HTTP/1.1" 404 196 www.4amtechno.com "-" "Mozilla/5.0 (Macintosh; Intel Mac OS X 10_15_7) AppleWebKit/537.36 (KHTML, like Gecko) Chrome/124.0.0.0 Safari/537.36" "-"
3.129.111.0 - - [07/Jul/2025:01:59:21 +0200] "GET /2024/10/minimal-techno-in-berlin-entdecke-die.html HTTP/1.1" 404 196 www.4amtechno.com "-" "Mozilla/5.0 (Windows NT 10.0; Win64; x64) AppleWebKit/537.36 (KHTML, like Gecko) Chrome/124.0.0.0 Safari/537.36" "-"
17.58.57.0 - - [07/Jul/2025:02:00:38 +0200] "HEAD /feeds/posts/default?alt=rss HTTP/1.1" 404 - www.4amtechno.com "-" "iTMS" "-"
17.58.57.0 - - [07/Jul/2025:02:00:38 +0200] "HEAD /feeds/posts/default?alt=rss HTTP/1.1" 404 - www.4amtechno.com "-" "iTMS" "-"
43.153.135.0 - - [07/Jul/2025:02:00:50 +0200] "GET /legal.php HTTP/1.1" 200 26097 4amtechno.com "-" "Mozilla/5.0 (iPhone; CPU iPhone OS 13_2_3 like Mac OS X) AppleWebKit/605.1.15 (KHTML, like Gecko) Version/13.0.3 Mobile/15E148 Safari/604.1" "-"
104.43.200.0 - - [07/Jul/2025:02:01:00 +0200] "HEAD /WWW HTTP/1.1" 404 - 4amtechno.com "-" "Mozilla/5.0 (X11; Linux x86_64) AppleWebKit/537.36 (KHTML, like Gecko) Chrome/96.0.4664.45 Safari/537.36" "-"
5.255.231.0 - - [07/Jul/2025:02:02:40 +0200] "GET /robots.txt HTTP/1.1" 429 227 www.4amtechno.com "-" "Mozilla/5.0 (compatible; YandexBot/3.0; +http://yandex.com/bots)" "-"
2a03:2880:2500:: - - [07/Jul/2025:02:02:48 +0200] "GET /robots.txt HTTP/1.1" 206 185 www.4amtechno.com "-" "facebookexternalhit/1.1 (+http://www.facebook.com/externalhit_uatext.php)" "-"
104.43.200.0 - - [07/Jul/2025:02:04:20 +0200] "HEAD /Www HTTP/1.1" 404 - 4amtechno.com "-" "Mozilla/5.0 (X11; Linux x86_64) AppleWebKit/537.36 (KHTML, like Gecko) Chrome/96.0.4664.45 Safari/537.36" "-"
95.108.213.0 - - [07/Jul/2025:02:04:40 +0200] "GET /robots.txt HTTP/1.1" 429 227 www.4amtechno.com "-" "Mozilla/5.0 (compatible; YandexBot/3.0; +http://yandex.com/bots)" "-"
5.255.231.0 - - [07/Jul/2025:02:06:40 +0200] "GET /robots.txt HTTP/1.1" 429 227 www.4amtechno.com "-" "Mozilla/5.0 (compatible; YandexBot/3.0; +http://yandex.com/bots)" "-"
64.23.190.0 - - [07/Jul/2025:02:07:02 +0200] "GET / HTTP/1.1" 200 34404 4amtechno.com "-" "Mozilla/5.0 (Windows NT 10.0; Win64; x64) AppleWebKit/537.36 (KHTML, like Gecko) Chrome/80.0.3987.149 Safari/537.36" "-"
64.23.190.0 - - [07/Jul/2025:02:07:03 +0200] "GET / HTTP/1.1" 200 34404 4amtechno.com "-" "Mozilla/5.0 (Windows NT 10.0; Win64; x64) AppleWebKit/537.36 (KHTML, like Gecko) Chrome/80.0.3987.149 Safari/537.36" "-"
64.23.190.0 - - [07/Jul/2025:02:07:03 +0200] "GET /wp-includes/wlwmanifest.xml HTTP/1.1" 404 196 4amtechno.com "-" "Mozilla/5.0 (Windows NT 10.0; Win64; x64) AppleWebKit/537.36 (KHTML, like Gecko) Chrome/80.0.3987.149 Safari/537.36" "-"
64.23.190.0 - - [07/Jul/2025:02:07:03 +0200] "GET /xmlrpc.php?rsd HTTP/1.1" 404 196 4amtechno.com "-" "Mozilla/5.0 (Windows NT 10.0; Win64; x64) AppleWebKit/537.36 (KHTML, like Gecko) Chrome/80.0.3987.149 Safari/537.36" "-"
64.23.190.0 - - [07/Jul/2025:02:07:04 +0200] "GET / HTTP/1.1" 200 34404 4amtechno.com "-" "Mozilla/5.0 (Windows NT 10.0; Win64; x64) AppleWebKit/537.36 (KHTML, like Gecko) Chrome/80.0.3987.149 Safari/537.36" "-"
64.23.190.0 - - [07/Jul/2025:02:07:04 +0200] "GET /blog/wp-includes/wlwmanifest.xml HTTP/1.1" 404 196 4amtechno.com "-" "Mozilla/5.0 (Windows NT 10.0; Win64; x64) AppleWebKit/537.36 (KHTML, like Gecko) Chrome/80.0.3987.149 Safari/537.36" "-"
64.23.190.0 - - [07/Jul/2025:02:07:04 +0200] "GET /web/wp-includes/wlwmanifest.xml HTTP/1.1" 404 196 4amtechno.com "-" "Mozilla/5.0 (Windows NT 10.0; Win64; x64) AppleWebKit/537.36 (KHTML, like Gecko) Chrome/80.0.3987.149 Safari/537.36" "-"
64.23.190.0 - - [07/Jul/2025:02:07:04 +0200] "GET /wordpress/wp-includes/wlwmanifest.xml HTTP/1.1" 404 196 4amtechno.com "-" "Mozilla/5.0 (Windows NT 10.0; Win64; x64) AppleWebKit/537.36 (KHTML, like Gecko) Chrome/80.0.3987.149 Safari/537.36" "-"
64.23.190.0 - - [07/Jul/2025:02:07:05 +0200] "GET /website/wp-includes/wlwmanifest.xml HTTP/1.1" 404 196 4amtechno.com "-" "Mozilla/5.0 (Windows NT 10.0; Win64; x64) AppleWebKit/537.36 (KHTML, like Gecko) Chrome/80.0.3987.149 Safari/537.36" "-"
64.23.190.0 - - [07/Jul/2025:02:07:05 +0200] "GET /wp/wp-includes/wlwmanifest.xml HTTP/1.1" 404 196 4amtechno.com "-" "Mozilla/5.0 (Windows NT 10.0; Win64; x64) AppleWebKit/537.36 (KHTML, like Gecko) Chrome/80.0.3987.149 Safari/537.36" "-"
64.23.190.0 - - [07/Jul/2025:02:07:05 +0200] "GET /news/wp-includes/wlwmanifest.xml HTTP/1.1" 404 196 4amtechno.com "-" "Mozilla/5.0 (Windows NT 10.0; Win64; x64) AppleWebKit/537.36 (KHTML, like Gecko) Chrome/80.0.3987.149 Safari/537.36" "-"
64.23.190.0 - - [07/Jul/2025:02:07:06 +0200] "GET /2018/wp-includes/wlwmanifest.xml HTTP/1.1" 404 196 4amtechno.com "-" "Mozilla/5.0 (Windows NT 10.0; Win64; x64) AppleWebKit/537.36 (KHTML, like Gecko) Chrome/80.0.3987.149 Safari/537.36" "-"
64.23.190.0 - - [07/Jul/2025:02:07:06 +0200] "GET /2019/wp-includes/wlwmanifest.xml HTTP/1.1" 404 196 4amtechno.com "-" "Mozilla/5.0 (Windows NT 10.0; Win64; x64) AppleWebKit/537.36 (KHTML, like Gecko) Chrome/80.0.3987.149 Safari/537.36" "-"
64.23.190.0 - - [07/Jul/2025:02:07:06 +0200] "GET /shop/wp-includes/wlwmanifest.xml HTTP/1.1" 404 196 4amtechno.com "-" "Mozilla/5.0 (Windows NT 10.0; Win64; x64) AppleWebKit/537.36 (KHTML, like Gecko) Chrome/80.0.3987.149 Safari/537.36" "-"
64.23.190.0 - - [07/Jul/2025:02:07:06 +0200] "GET /wp1/wp-includes/wlwmanifest.xml HTTP/1.1" 404 196 4amtechno.com "-" "Mozilla/5.0 (Windows NT 10.0; Win64; x64) AppleWebKit/537.36 (KHTML, like Gecko) Chrome/80.0.3987.149 Safari/537.36" "-"
64.23.190.0 - - [07/Jul/2025:02:07:06 +0200] "GET /test/wp-includes/wlwmanifest.xml HTTP/1.1" 404 196 4amtechno.com "-" "Mozilla/5.0 (Windows NT 10.0; Win64; x64) AppleWebKit/537.36 (KHTML, like Gecko) Chrome/80.0.3987.149 Safari/537.36" "-"
64.23.190.0 - - [07/Jul/2025:02:07:07 +0200] "GET /media/wp-includes/wlwmanifest.xml HTTP/1.1" 404 196 4amtechno.com "-" "Mozilla/5.0 (Windows NT 10.0; Win64; x64) AppleWebKit/537.36 (KHTML, like Gecko) Chrome/80.0.3987.149 Safari/537.36" "-"
64.23.190.0 - - [07/Jul/2025:02:07:07 +0200] "GET /wp2/wp-includes/wlwmanifest.xml HTTP/1.1" 404 196 4amtechno.com "-" "Mozilla/5.0 (Windows NT 10.0; Win64; x64) AppleWebKit/537.36 (KHTML, like Gecko) Chrome/80.0.3987.149 Safari/537.36" "-"
64.23.190.0 - - [07/Jul/2025:02:07:07 +0200] "GET /site/wp-includes/wlwmanifest.xml HTTP/1.1" 404 196 4amtechno.com "-" "Mozilla/5.0 (Windows NT 10.0; Win64; x64) AppleWebKit/537.36 (KHTML, like Gecko) Chrome/80.0.3987.149 Safari/537.36" "-"
64.23.190.0 - - [07/Jul/2025:02:07:08 +0200] "GET /cms/wp-includes/wlwmanifest.xml HTTP/1.1" 301 260 4amtechno.com "-" "Mozilla/5.0 (Windows NT 10.0; Win64; x64) AppleWebKit/537.36 (KHTML, like Gecko) Chrome/80.0.3987.149 Safari/537.36" "-"
64.23.190.0 - - [07/Jul/2025:02:07:08 +0200] "GET /sito/wp-includes/wlwmanifest.xml HTTP/1.1" 404 196 4amtechno.com "-" "Mozilla/5.0 (Windows NT 10.0; Win64; x64) AppleWebKit/537.36 (KHTML, like Gecko) Chrome/80.0.3987.149 Safari/537.36" "-"
213.180.203.0 - - [07/Jul/2025:02:08:40 +0200] "GET /robots.txt HTTP/1.1" 429 227 www.4amtechno.com "-" "Mozilla/5.0 (compatible; YandexBot/3.0; +http://yandex.com/bots)" "-"
35.199.50.0 - - [07/Jul/2025:02:09:13 +0200] "GET / HTTP/1.1" 200 34404 4amtechno.com "-" "Mozilla/5.0 (X11; Linux x86_64) AppleWebKit/537.36 (KHTML, like Gecko) Chrome/128.0.0.0 Safari/537.36" "-"
35.199.50.0 - - [07/Jul/2025:02:09:13 +0200] "GET /js/script-enhanced.js HTTP/1.1" 200 57818 4amtechno.com "https://4amtechno.com/" "Mozilla/5.0 (X11; Linux x86_64) AppleWebKit/537.36 (KHTML, like Gecko) Chrome/128.0.0.0 Safari/537.36" "-"
35.199.50.0 - - [07/Jul/2025:02:09:13 +0200] "GET /images/4am-logo.webp HTTP/1.1" 200 76722 4amtechno.com "https://4amtechno.com/" "Mozilla/5.0 (X11; Linux x86_64) AppleWebKit/537.36 (KHTML, like Gecko) Chrome/128.0.0.0 Safari/537.36" "-"
35.199.50.0 - - [07/Jul/2025:02:09:13 +0200] "GET /css/style-enhanced.css?v=2 HTTP/1.1" 200 73756 4amtechno.com "https://4amtechno.com/" "Mozilla/5.0 (X11; Linux x86_64) AppleWebKit/537.36 (KHTML, like Gecko) Chrome/128.0.0.0 Safari/537.36" "-"
35.199.50.0 - - [07/Jul/2025:02:09:13 +0200] "GET /manifest.json HTTP/1.1" 200 458 4amtechno.com "https://4amtechno.com/" "Mozilla/5.0 (X11; Linux x86_64) AppleWebKit/537.36 (KHTML, like Gecko) Chrome/128.0.0.0 Safari/537.36" "-"
35.199.50.0 - - [07/Jul/2025:02:09:14 +0200] "GET /images/4am-background.webp HTTP/1.1" 200 46810 4amtechno.com "https://4amtechno.com/css/style-enhanced.css?v=2" "Mozilla/5.0 (X11; Linux x86_64) AppleWebKit/537.36 (KHTML, like Gecko) Chrome/128.0.0.0 Safari/537.36" "-"
35.199.50.0 - - [07/Jul/2025:02:09:14 +0200] "GET /blog.php?limit=50 HTTP/1.1" 200 5657 4amtechno.com "https://4amtechno.com/" "Mozilla/5.0 (X11; Linux x86_64) AppleWebKit/537.36 (KHTML, like Gecko) Chrome/128.0.0.0 Safari/537.36" "-"
35.199.50.0 - - [07/Jul/2025:02:09:14 +0200] "GET /blog.php?limit=3 HTTP/1.1" 200 1282 4amtechno.com "https://4amtechno.com/" "Mozilla/5.0 (X11; Linux x86_64) AppleWebKit/537.36 (KHTML, like Gecko) Chrome/128.0.0.0 Safari/537.36" "-"
35.199.50.0 - - [07/Jul/2025:02:09:14 +0200] "GET /partydates.php?limit=9 HTTP/1.1" 200 2338 4amtechno.com "https://4amtechno.com/" "Mozilla/5.0 (X11; Linux x86_64) AppleWebKit/537.36 (KHTML, like Gecko) Chrome/128.0.0.0 Safari/537.36" "-"
35.199.50.0 - - [07/Jul/2025:02:09:14 +0200] "GET /youtube-proxy.php HTTP/1.1" 200 4861 4amtechno.com "https://4amtechno.com/" "Mozilla/5.0 (X11; Linux x86_64) AppleWebKit/537.36 (KHTML, like Gecko) Chrome/128.0.0.0 Safari/537.36" "-"
35.199.50.0 - - [07/Jul/2025:02:09:16 +0200] "GET /icon-192x192.webp HTTP/1.1" 200 8444 4amtechno.com "https://4amtechno.com/" "Mozilla/5.0 (X11; Linux x86_64) AppleWebKit/537.36 (KHTML, like Gecko) Chrome/128.0.0.0 Safari/537.36" "-"
35.199.50.0 - - [07/Jul/2025:02:09:16 +0200] "GET /favicon.ico HTTP/1.1" 200 1150 4amtechno.com "https://4amtechno.com/" "Mozilla/5.0 (X11; Linux x86_64) AppleWebKit/537.36 (KHTML, like Gecko) Chrome/128.0.0.0 Safari/537.36" "-"
213.180.203.0 - - [07/Jul/2025:02:10:40 +0200] "GET /robots.txt HTTP/1.1" 429 227 www.4amtechno.com "-" "Mozilla/5.0 (compatible; YandexBot/3.0; +http://yandex.com/bots)" "-"
3.86.220.0 - - [07/Jul/2025:02:10:54 +0200] "GET /images/4AM-Techno-Blog.webp HTTP/1.1" 503 299 www.4amtechno.com "-" "Go-http-client/2.0" "-"
191.101.160.0 - - [07/Jul/2025:02:10:56 +0200] "GET /images/4AM-Techno-Blog.webp HTTP/1.1" 404 196 www.4amtechno.com "-" "Mozilla/5.0 (Windows NT 10.0; Win64; x64) AppleWebKit/537.36 (KHTML, like Gecko) Chrome/138.0.0.0 Safari/537.36" "-"
35.199.50.0 - - [07/Jul/2025:02:10:56 +0200] "GET /images/4AM-Techno-Blog.webp HTTP/1.1" 404 196 www.4amtechno.com "https://www.4amtechno.com/" "Mozilla/5.0 (Windows NT 10.0; Win64; x64) AppleWebKit/537.36 (KHTML, like Gecko) Chrome/91.0.4472.124 Safari/537.36" "-"
66.249.73.0 - - [07/Jul/2025:02:10:57 +0200] "GET /news.html HTTP/1.1" 404 196 www.4amtechno.com "-" "Mozilla/5.0 (Linux; Android 6.0.1; Nexus 5X Build/MMB29P) AppleWebKit/537.36 (KHTML, like Gecko) Chrome/99.0.4844.84 Mobile Safari/537.36 (compatible; Googlebot/2.1; +http://www.google.com/bot.html)" "-"
66.249.73.0 - - [07/Jul/2025:02:10:57 +0200] "GET /news.html HTTP/1.1" 404 196 www.4amtechno.com "-" "Mozilla/5.0 (compatible; Googlebot/2.1; +http://www.google.com/bot.html)" "-"
85.214.161.0 - - [07/Jul/2025:02:12:32 +0200] "GET /feeds/posts/default?alt=rss HTTP/1.1" 404 196 www.4amtechno.com "https://www.4amtechno.com/feeds/posts/default?alt=rss" "SimplePie/1.4.3 (Feed Parser; http://simplepie.org; Allow like Gecko) Build/20240509024136" "-"
85.214.161.0 - - [07/Jul/2025:02:12:32 +0200] "GET /feeds/posts/default?alt=rss HTTP/1.1" 404 196 www.4amtechno.com "https://www.4amtechno.com/feeds/posts/default?alt=rss" "SimplePie/1.4.3 (Feed Parser; http://simplepie.org; Allow like Gecko) Build/20240509024136" "-"
213.180.203.0 - - [07/Jul/2025:02:12:40 +0200] "GET /robots.txt HTTP/1.1" 429 227 www.4amtechno.com "-" "Mozilla/5.0 (compatible; YandexBot/3.0; +http://yandex.com/bots)" "-"
95.108.213.0 - - [07/Jul/2025:02:12:40 +0200] "GET /2024/10/techno-legenden-die-songs-die-festivals.html HTTP/1.1" 429 227 www.4amtechno.com "-" "Mozilla/5.0 (compatible; YandexBot/3.0; +http://yandex.com/bots)" "-"
104.43.200.0 - - [07/Jul/2025:02:13:58 +0200] "HEAD /2021 HTTP/1.1" 404 - 4amtechno.com "-" "Mozilla/5.0 (X11; Linux x86_64) AppleWebKit/537.36 (KHTML, like Gecko) Chrome/96.0.4664.45 Safari/537.36" "-"
87.250.224.0 - - [07/Jul/2025:02:14:40 +0200] "GET /robots.txt HTTP/1.1" 429 227 www.4amtechno.com "-" "Mozilla/5.0 (compatible; YandexBot/3.0; +http://yandex.com/bots)" "-"
143.198.229.0 - - [07/Jul/2025:02:16:06 +0200] "GET /uploaded_script.php HTTP/1.1" 404 196 4amtechno.com "www.google.com" "Mozilla/5.0 (Linux; Android 7.0; SM-G892A Build/NRD90M; wv) AppleWebKit/537.36 (KHTML, like Gecko) Version/4.0 Chrome/60.0.3112.107 Mobile Safari/537.36" "-"
143.198.229.0 - - [07/Jul/2025:02:16:06 +0200] "GET /uploaded_script.php HTTP/1.1" 404 196 4amtechno.com "www.google.com" "Mozilla/5.0 (Linux; Android 7.0; SM-G892A Build/NRD90M; wv) AppleWebKit/537.36 (KHTML, like Gecko) Version/4.0 Chrome/60.0.3112.107 Mobile Safari/537.36" "-"
43.130.139.0 - - [07/Jul/2025:02:16:57 +0200] "GET /about.php HTTP/1.1" 200 24707 4amtechno.com "-" "Mozilla/5.0 (iPhone; CPU iPhone OS 13_2_3 like Mac OS X) AppleWebKit/605.1.15 (KHTML, like Gecko) Version/13.0.3 Mobile/15E148 Safari/604.1" "-"
54.236.1.0 - - [07/Jul/2025:02:17:33 +0200] "GET /2025/01/wie-du-deinen-eigenen-remix-erstellst.html HTTP/1.1" 404 196 www.4amtechno.com "-" "Mozilla/5.0 (compatible; Pinterestbot/1.0; +http://www.pinterest.com/bot.html)" "-"
85.208.96.0 - - [07/Jul/2025:02:17:47 +0200] "GET /2025/01/youtube-kanal-sitemap-by-4am-techno.html HTTP/1.1" 429 227 www.4amtechno.com "-" "Mozilla/5.0 (compatible; SemrushBot/7~bl; +http://www.semrush.com/bot.html)" "-"
5.255.231.0 - - [07/Jul/2025:02:18:41 +0200] "GET /robots.txt HTTP/1.1" 429 227 www.4amtechno.com "-" "Mozilla/5.0 (compatible; YandexBot/3.0; +http://yandex.com/bots)" "-"
85.208.96.0 - - [07/Jul/2025:02:24:03 +0200] "GET /2024/12/die-evolution-des-techno-und-seiner.html HTTP/1.1" 429 227 www.4amtechno.com "-" "Mozilla/5.0 (compatible; SemrushBot/7~bl; +http://www.semrush.com/bot.html)" "-"
3.129.111.0 - - [07/Jul/2025:02:24:43 +0200] "GET /2024/10/minimal-techno-in-berlin-entdecke-die.html HTTP/1.1" 404 196 www.4amtechno.com "-" "Mozilla/5.0 (Windows NT 10.0; Win64; x64; rv:124.0) Gecko/20100101 Firefox/124.0" "-"
3.129.111.0 - - [07/Jul/2025:02:24:44 +0200] "GET /2024/10/minimal-techno-in-berlin-entdecke-die.html HTTP/1.1" 404 196 www.4amtechno.com "-" "Mozilla/5.0 (Windows NT 10.0; Win64; x64) AppleWebKit/537.36 (KHTML, like Gecko) Chrome/123.0.0.0 Safari/537.36" "-"
104.43.200.0 - - [07/Jul/2025:02:28:43 +0200] "HEAD /main HTTP/1.1" 404 - 4amtechno.com "-" "Mozilla/5.0 (X11; Linux x86_64) AppleWebKit/537.36 (KHTML, like Gecko) Chrome/96.0.4664.45 Safari/537.36" "-"
65.108.125.0 - - [07/Jul/2025:02:29:43 +0200] "GET /robots.txt HTTP/1.1" 200 185 4amtechno.com "-" "Mozilla/5.0 (compatible; MJ12bot/v1.4.8; http://mj12bot.com/)" "-"
65.108.125.0 - - [07/Jul/2025:02:29:44 +0200] "GET /'%20.%20htmlspecialchars($canonical_url)%20.%20' HTTP/1.1" 404 196 4amtechno.com "-" "Mozilla/5.0 (compatible; MJ12bot/v1.4.8; http://mj12bot.com/)" "-"
43.157.38.0 - - [07/Jul/2025:02:29:53 +0200] "GET /legal.php HTTP/1.1" 200 26097 4amtechno.com "-" "Mozilla/5.0 (iPhone; CPU iPhone OS 13_2_3 like Mac OS X) AppleWebKit/605.1.15 (KHTML, like Gecko) Version/13.0.3 Mobile/15E148 Safari/604.1" "-"
43.130.26.0 - - [07/Jul/2025:02:30:10 +0200] "GET / HTTP/1.1" 200 34404 4amtechno.com "-" "Mozilla/5.0 (iPhone; CPU iPhone OS 13_2_3 like Mac OS X) AppleWebKit/605.1.15 (KHTML, like Gecko) Version/13.0.3 Mobile/15E148 Safari/604.1" "-"
104.43.200.0 - - [07/Jul/2025:02:35:26 +0200] "HEAD /old-site HTTP/1.1" 404 - 4amtechno.com "-" "Mozilla/5.0 (X11; Linux x86_64) AppleWebKit/537.36 (KHTML, like Gecko) Chrome/96.0.4664.45 Safari/537.36" "-"
41.254.76.0 - - [07/Jul/2025:02:39:20 +0200] "POST /xmlrpc.php HTTP/1.1" 404 196 4amtechno.com "-" "Mozilla/5.0 (Windows NT 10.0; x86) AppleWebKit/537.36 (KHTML, like Gecko) Opera/61.0.0.0 Safari/537.36" "-"
43.166.253.0 - - [07/Jul/2025:02:41:06 +0200] "GET /about.php HTTP/1.1" 200 24707 4amtechno.com "-" "Mozilla/5.0 (iPhone; CPU iPhone OS 13_2_3 like Mac OS X) AppleWebKit/605.1.15 (KHTML, like Gecko) Version/13.0.3 Mobile/15E148 Safari/604.1" "-"
17.58.56.0 - - [07/Jul/2025:02:45:43 +0200] "HEAD /feeds/posts/default?alt=rss HTTP/1.1" 404 - www.4amtechno.com "-" "iTMS" "-"
17.58.56.0 - - [07/Jul/2025:02:45:43 +0200] "HEAD /feeds/posts/default?alt=rss HTTP/1.1" 404 - www.4amtechno.com "-" "iTMS" "-"
104.43.200.0 - - [07/Jul/2025:02:47:44 +0200] "HEAD /bk HTTP/1.1" 404 - 4amtechno.com "-" "Mozilla/5.0 (X11; Linux x86_64) AppleWebKit/537.36 (KHTML, like Gecko) Chrome/96.0.4664.45 Safari/537.36" "-"
3.129.111.0 - - [07/Jul/2025:02:49:59 +0200] "GET /2024/10/minimal-techno-in-berlin-entdecke-die.html HTTP/1.1" 404 196 www.4amtechno.com "-" "Mozilla/5.0 (Macintosh; Intel Mac OS X 10_15_7) AppleWebKit/537.36 (KHTML, like Gecko) Chrome/124.0.0.0 Safari/537.36" "-"
3.129.111.0 - - [07/Jul/2025:02:50:00 +0200] "GET /2024/10/minimal-techno-in-berlin-entdecke-die.html HTTP/1.1" 404 196 www.4amtechno.com "-" "Mozilla/5.0 (Windows NT 10.0; Win64; x64) AppleWebKit/537.36 (KHTML, like Gecko) Chrome/124.0.0.0 Safari/537.36" "-"
104.43.200.0 - - [07/Jul/2025:02:50:20 +0200] "HEAD /Backup HTTP/1.1" 404 - 4amtechno.com "-" "Mozilla/5.0 (X11; Linux x86_64) AppleWebKit/537.36 (KHTML, like Gecko) Chrome/96.0.4664.45 Safari/537.36" "-"
54.36.149.0 - - [07/Jul/2025:02:50:28 +0200] "GET /sitemap.xml HTTP/1.1" 200 2526 www.4amtechno.com "-" "Mozilla/5.0 (compatible; AhrefsBot/7.0; +http://ahrefs.com/robot/)" "-"
51.68.107.0 - - [07/Jul/2025:03:02:41 +0200] "GET /robots.txt HTTP/1.1" 200 185 4amtechno.com "-" "Mozilla/5.0 (compatible; MJ12bot/v2.0.2; http://mj12bot.com/)" "-"
51.68.107.0 - - [07/Jul/2025:03:02:41 +0200] "GET / HTTP/1.1" 200 34404 4amtechno.com "-" "Mozilla/5.0 (compatible; MJ12bot/v2.0.2; http://mj12bot.com/)" "-"
104.43.200.0 - - [07/Jul/2025:03:03:50 +0200] "HEAD /BACKUP HTTP/1.1" 404 - 4amtechno.com "-" "Mozilla/5.0 (X11; Linux x86_64) AppleWebKit/537.36 (KHTML, like Gecko) Chrome/96.0.4664.45 Safari/537.36" "-"
4.227.36.0 - - [07/Jul/2025:03:05:08 +0200] "GET /robots.txt HTTP/1.1" 429 227 4amtechno.com "-" "Mozilla/5.0 AppleWebKit/537.36 (KHTML, like Gecko; compatible; GPTBot/1.2; +https://openai.com/gptbot)" "-"
20.171.207.0 - - [07/Jul/2025:03:05:10 +0200] "GET / HTTP/1.1" 429 227 4amtechno.com "-" "Mozilla/5.0 AppleWebKit/537.36 (KHTML, like Gecko; compatible; GPTBot/1.2; +https://openai.com/gptbot)" "-"
104.43.200.0 - - [07/Jul/2025:03:08:33 +0200] "HEAD /SHOP HTTP/1.1" 404 - 4amtechno.com "-" "Mozilla/5.0 (X11; Linux x86_64) AppleWebKit/537.36 (KHTML, like Gecko) Chrome/96.0.4664.45 Safari/537.36" "-"
3.129.111.0 - - [07/Jul/2025:03:14:48 +0200] "GET /2024/10/minimal-techno-in-berlin-entdecke-die.html HTTP/1.1" 404 196 www.4amtechno.com "-" "Mozilla/5.0 (Windows NT 10.0; Win64; x64) AppleWebKit/537.36 (KHTML, like Gecko) Chrome/124.0.0.0 Safari/537.36" "-"
3.129.111.0 - - [07/Jul/2025:03:14:49 +0200] "GET /2024/10/minimal-techno-in-berlin-entdecke-die.html HTTP/1.1" 404 196 www.4amtechno.com "-" "Mozilla/5.0 (Windows NT 10.0; Win64; x64) AppleWebKit/537.36 (KHTML, like Gecko) Chrome/124.0.0.0 Safari/537.36" "-"
85.214.161.0 - - [07/Jul/2025:03:17:25 +0200] "GET /feeds/posts/default?alt=rss HTTP/1.1" 404 196 www.4amtechno.com "https://www.4amtechno.com/feeds/posts/default?alt=rss" "SimplePie/1.4.3 (Feed Parser; http://simplepie.org; Allow like Gecko) Build/20240509024136" "-"
85.214.161.0 - - [07/Jul/2025:03:17:25 +0200] "GET /feeds/posts/default?alt=rss HTTP/1.1" 404 196 www.4amtechno.com "https://www.4amtechno.com/feeds/posts/default?alt=rss" "SimplePie/1.4.3 (Feed Parser; http://simplepie.org; Allow like Gecko) Build/20240509024136" "-"
47.128.45.0 - - [07/Jul/2025:03:19:35 +0200] "GET /search HTTP/1.1" 429 227 4amtechno.com "-" "Mozilla/5.0 (Linux; Android 5.0) AppleWebKit/537.36 (KHTML, like Gecko) Mobile Safari/537.36 (compatible; Bytespider; spider-feedback@bytedance.com)" "-"
104.43.200.0 - - [07/Jul/2025:03:20:09 +0200] "HEAD /Shop HTTP/1.1" 404 - 4amtechno.com "-" "Mozilla/5.0 (X11; Linux x86_64) AppleWebKit/537.36 (KHTML, like Gecko) Chrome/96.0.4664.45 Safari/537.36" "-"
47.128.44.0 - - [07/Jul/2025:03:23:36 +0200] "GET / HTTP/1.1" 429 227 4amtechno.com "-" "Mozilla/5.0 (Linux; Android 5.0) AppleWebKit/537.36 (KHTML, like Gecko) Mobile Safari/537.36 (compatible; Bytespider; spider-feedback@bytedance.com)" "-"
54.36.148.0 - - [07/Jul/2025:03:27:13 +0200] "GET /search/label/Ableton?updated-max=2024-10-21T09:24:00%2B02:00&max-results=20&start=20&by-date=false HTTP/1.1" 404 196 www.4amtechno.com "-" "Mozilla/5.0 (compatible; AhrefsBot/7.0; +http://ahrefs.com/robot/)" "-"
47.128.33.0 - - [07/Jul/2025:03:27:38 +0200] "GET /robots.txt HTTP/1.1" 429 227 4amtechno.com "-" "Mozilla/5.0 (Linux; Android 5.0) AppleWebKit/537.36 (KHTML, like Gecko) Mobile Safari/537.36 (compatible; Bytespider; spider-feedback@bytedance.com)" "-"
104.43.200.0 - - [07/Jul/2025:03:30:41 +0200] "HEAD /shop HTTP/1.1" 404 - 4amtechno.com "-" "Mozilla/5.0 (X11; Linux x86_64) AppleWebKit/537.36 (KHTML, like Gecko) Chrome/96.0.4664.45 Safari/537.36" "-"
47.128.23.0 - - [07/Jul/2025:03:31:41 +0200] "GET /robots.txt HTTP/1.1" 429 227 4amtechno.com "-" "Mozilla/5.0 (Linux; Android 5.0) AppleWebKit/537.36 (KHTML, like Gecko) Mobile Safari/537.36 (compatible; Bytespider; spider-feedback@bytedance.com)" "-"
17.58.56.0 - - [07/Jul/2025:03:31:55 +0200] "HEAD /feeds/posts/default?alt=rss HTTP/1.1" 404 - www.4amtechno.com "-" "iTMS" "-"
17.58.56.0 - - [07/Jul/2025:03:31:55 +0200] "HEAD /feeds/posts/default?alt=rss HTTP/1.1" 404 - www.4amtechno.com "-" "iTMS" "-"
46.203.14.0 - - [07/Jul/2025:03:35:44 +0200] "GET /robots.txt HTTP/1.1" 200 185 4amtechno.com "-" "Mozilla/5.0 (iPhone; CPU iPhone OS 11_0 like Mac OS X) AppleWebKit/537.36 (KHTML, like Gecko) Chrome/40.0.8883.1197 Mobile Safari/537.36" "-"
104.43.200.0 - - [07/Jul/2025:03:36:02 +0200] "HEAD /bak HTTP/1.1" 404 - 4amtechno.com "-" "Mozilla/5.0 (X11; Linux x86_64) AppleWebKit/537.36 (KHTML, like Gecko) Chrome/96.0.4664.45 Safari/537.36" "-"
52.201.224.0 - - [07/Jul/2025:03:38:06 +0200] "GET / HTTP/1.1" 200 34404 4amtechno.com "-" "Mozilla/5.0 (X11; Linux x86_64) AppleWebKit/537.36 (KHTML, like Gecko)" "-"
3.129.111.0 - - [07/Jul/2025:03:39:42 +0200] "GET /2024/10/minimal-techno-in-berlin-entdecke-die.html HTTP/1.1" 404 196 www.4amtechno.com "-" "Mozilla/5.0 (Macintosh; Intel Mac OS X 10_15_7) AppleWebKit/537.36 (KHTML, like Gecko) Chrome/123.0.0.0 Safari/537.36" "-"
3.129.111.0 - - [07/Jul/2025:03:39:42 +0200] "GET /2024/10/minimal-techno-in-berlin-entdecke-die.html HTTP/1.1" 404 196 www.4amtechno.com "-" "Mozilla/5.0 (Macintosh; Intel Mac OS X 10_15_7) AppleWebKit/537.36 (KHTML, like Gecko) Chrome/124.0.0.0 Safari/537.36" "-"
89.38.228.0 - - [07/Jul/2025:03:39:45 +0200] "GET /robots.txt HTTP/1.1" 200 185 4amtechno.com "-" "Mozilla/5.0 (Linux; Android 6.0; Nexus 5 Build/MRA58N) AppleWebKit/537.36 (KHTML, like Gecko) Chrome/46.0.4022.1767 Mobile Safari/537.36" "-"
51.222.253.0 - - [07/Jul/2025:03:40:38 +0200] "GET /robots.txt HTTP/1.1" 200 185 4amtechno.com "-" "Mozilla/5.0 (compatible; AhrefsBot/7.0; +http://ahrefs.com/robot/)" "-"
104.43.200.0 - - [07/Jul/2025:03:43:26 +0200] "HEAD /sitio HTTP/1.1" 404 - 4amtechno.com "-" "Mozilla/5.0 (X11; Linux x86_64) AppleWebKit/537.36 (KHTML, like Gecko) Chrome/96.0.4664.45 Safari/537.36" "-"
3.208.154.0 - - [07/Jul/2025:03:43:54 +0200] "GET /ads.txt HTTP/1.1" 404 196 4amtechno.com "-" "Mozilla/5.0 (Macintosh; Intel Mac OS X 10_12_6) AppleWebKit/537.36 (KHTML, like Gecko) Chrome/63.0.3239.84 Safari/537.36" "-"
3.208.154.0 - - [07/Jul/2025:03:43:54 +0200] "GET /ads.txt HTTP/1.1" 404 196 www.4amtechno.com "-" "Mozilla/5.0 (Macintosh; Intel Mac OS X 10_12_6) AppleWebKit/537.36 (KHTML, like Gecko) Chrome/63.0.3239.84 Safari/537.36" "-"
54.236.1.0 - - [07/Jul/2025:03:56:06 +0200] "GET /robots.txt HTTP/1.1" 200 185 4amtechno.com "-" "Mozilla/5.0 (compatible; Pinterestbot/1.0; +http://www.pinterest.com/bot.html)" "-"
54.236.1.0 - - [07/Jul/2025:03:56:12 +0200] "GET / HTTP/1.1" 200 34404 www.4amtechno.com "-" "Mozilla/5.0 (compatible; Pinterestbot/1.0; +http://www.pinterest.com/bot.html)" "-"
104.43.200.0 - - [07/Jul/2025:03:56:33 +0200] "HEAD /bac HTTP/1.1" 404 - 4amtechno.com "-" "Mozilla/5.0 (X11; Linux x86_64) AppleWebKit/537.36 (KHTML, like Gecko) Chrome/96.0.4664.45 Safari/537.36" "-"
65.21.232.0 - - [07/Jul/2025:03:58:02 +0200] "GET /robots.txt HTTP/1.1" 200 185 www.4amtechno.com "-" "Mozilla/5.0 (compatible; MJ12bot/v1.4.8; http://mj12bot.com/)" "-"
65.21.232.0 - - [07/Jul/2025:03:58:03 +0200] "GET /'%20.%20htmlspecialchars($canonical_url)%20.%20' HTTP/1.1" 404 196 www.4amtechno.com "-" "Mozilla/5.0 (compatible; MJ12bot/v1.4.8; http://mj12bot.com/)" "-"
104.43.200.0 - - [07/Jul/2025:03:59:33 +0200] "HEAD /sito HTTP/1.1" 404 - 4amtechno.com "-" "Mozilla/5.0 (X11; Linux x86_64) AppleWebKit/537.36 (KHTML, like Gecko) Chrome/96.0.4664.45 Safari/537.36" "-"
162.55.97.0 - - [07/Jul/2025:03:59:53 +0200] "GET / HTTP/1.1" 200 34404 www.4amtechno.com "-" "Mozilla/5.0 (Macintosh; Intel Mac OS X 10_15_7) AppleWebKit/537.36 (KHTML, like Gecko) Chrome/121.0.0.0 Safari/537.36 Edg/120.0.2210.144" "-"
162.55.97.0 - - [07/Jul/2025:03:59:54 +0200] "GET /robots.txt HTTP/1.1" 200 185 4amtechno.com "-" "parser" "-"
162.55.97.0 - - [07/Jul/2025:03:59:54 +0200] "GET /robots.txt HTTP/1.1" 200 185 4amtechno.com "-" "parser" "-"
162.55.97.0 - - [07/Jul/2025:03:59:54 +0200] "GET /robots.txt HTTP/1.1" 200 185 www.4amtechno.com "-" "parser" "-"
162.55.97.0 - - [07/Jul/2025:03:59:54 +0200] "GET /robots.txt HTTP/1.1" 200 185 www.4amtechno.com "-" "parser" "-"
162.55.97.0 - - [07/Jul/2025:04:00:01 +0200] "GET /contact.php HTTP/1.1" 404 196 www.4amtechno.com "-" "Mozilla/5.0 (X11; Linux x86_64; rv:109.0) Gecko/20100101 Firefox/122.0" "-"
162.55.97.0 - - [07/Jul/2025:04:00:01 +0200] "GET /legal.php HTTP/1.1" 200 26097 www.4amtechno.com "-" "Mozilla/5.0 (Windows NT 10.0; Win64; x64) AppleWebKit/537.36 (KHTML, like Gecko) Chrome/119.0.0.0 Safari/537.3" "-"
162.55.97.0 - - [07/Jul/2025:04:00:01 +0200] "GET /index.php HTTP/1.1" 200 34404 www.4amtechno.com "-" "Mozilla/5.0 (X11; Ubuntu; Linux x86_64; rv:109.0) Gecko/20100101 Firefox/122.0" "-"
162.55.97.0 - - [07/Jul/2025:04:00:03 +0200] "GET /about.php HTTP/1.1" 200 24707 www.4amtechno.com "-" "Mozilla/5.0 (Windows NT 10.0; Win64; x64) AppleWebKit/537.36 (KHTML, like Gecko) Chrome/120.0.0.0 Safari/537.36 OPR/106.0.0." "-"
162.55.97.0 - - [07/Jul/2025:04:00:03 +0200] "GET /datenschutz.php HTTP/1.1" 200 28742 www.4amtechno.com "-" "Mozilla/5.0 (Windows NT 10.0; Win64; x64; rv:109.0) Gecko/20100101 Firefox/122.0" "-"
162.55.97.0 - - [07/Jul/2025:04:00:03 +0200] "GET /index.php HTTP/1.1" 200 34404 www.4amtechno.com "-" "Mozilla/5.0 (Windows NT 10.0; Win64; x64) AppleWebKit/537.36 (KHTML, like Gecko) Chrome/120.0.0.0 Safari/537.3" "-"
43.153.135.0 - - [07/Jul/2025:04:01:26 +0200] "GET / HTTP/1.1" 200 34404 www.4amtechno.com "-" "Mozilla/5.0 (iPhone; CPU iPhone OS 13_2_3 like Mac OS X) AppleWebKit/605.1.15 (KHTML, like Gecko) Version/13.0.3 Mobile/15E148 Safari/604.1" "-"
3.129.111.0 - - [07/Jul/2025:04:04:43 +0200] "GET /2024/10/minimal-techno-in-berlin-entdecke-die.html HTTP/1.1" 404 196 www.4amtechno.com "-" "Mozilla/5.0 (Windows NT 10.0; Win64; x64) AppleWebKit/537.36 (KHTML, like Gecko) Chrome/124.0.0.0 Safari/537.36" "-"
3.129.111.0 - - [07/Jul/2025:04:04:44 +0200] "GET /2024/10/minimal-techno-in-berlin-entdecke-die.html HTTP/1.1" 404 196 www.4amtechno.com "-" "Mozilla/5.0 (Windows NT 10.0; Win64; x64) AppleWebKit/537.36 (KHTML, like Gecko) Chrome/124.0.0.0 Safari/537.36" "-"
54.36.148.0 - - [07/Jul/2025:04:05:55 +0200] "GET /search/label/Musikproduktion?updated-max=2024-10-31T17:43:00-07:00&max-results=20&start=9&by-date=false HTTP/1.1" 404 196 www.4amtechno.com "-" "Mozilla/5.0 (compatible; AhrefsBot/7.0; +http://ahrefs.com/robot/)" "-"
191.101.160.0 - - [07/Jul/2025:04:07:20 +0200] "GET / HTTP/1.1" 200 34404 www.4amtechno.com "-" "Mozilla/5.0 (Windows NT 10.0; Win64; x64) AppleWebKit/537.36 (KHTML, like Gecko) Chrome/138.0.0.0 Safari/537.36" "-"
191.101.160.0 - - [07/Jul/2025:04:07:20 +0200] "GET /images/4am-logo.webp HTTP/1.1" 200 76722 www.4amtechno.com "https://www.4amtechno.com/" "Mozilla/5.0 (Windows NT 10.0; Win64; x64) AppleWebKit/537.36 (KHTML, like Gecko) Chrome/138.0.0.0 Safari/537.36" "-"
191.101.160.0 - - [07/Jul/2025:04:07:20 +0200] "GET /css/style-enhanced.css?v=2 HTTP/1.1" 200 73756 www.4amtechno.com "https://www.4amtechno.com/" "Mozilla/5.0 (Windows NT 10.0; Win64; x64) AppleWebKit/537.36 (KHTML, like Gecko) Chrome/138.0.0.0 Safari/537.36" "-"
191.101.160.0 - - [07/Jul/2025:04:07:20 +0200] "GET /js/script-enhanced.js HTTP/1.1" 200 57818 www.4amtechno.com "https://www.4amtechno.com/" "Mozilla/5.0 (Windows NT 10.0; Win64; x64) AppleWebKit/537.36 (KHTML, like Gecko) Chrome/138.0.0.0 Safari/537.36" "-"
191.101.160.0 - - [07/Jul/2025:04:07:20 +0200] "GET /favicon.ico HTTP/1.1" 200 1150 www.4amtechno.com "-" "Mozilla/5.0 (Windows NT 10.0; Win64; x64) AppleWebKit/537.36 (KHTML, like Gecko) Chrome/138.0.0.0 Safari/537.36" "-"
191.101.160.0 - - [07/Jul/2025:04:07:20 +0200] "GET /images/4am-background.webp HTTP/1.1" 200 46810 www.4amtechno.com "https://www.4amtechno.com/css/style-enhanced.css?v=2" "Mozilla/5.0 (Windows NT 10.0; Win64; x64) AppleWebKit/537.36 (KHTML, like Gecko) Chrome/138.0.0.0 Safari/537.36" "-"
191.101.160.0 - - [07/Jul/2025:04:07:21 +0200] "GET /blog.php?limit=3 HTTP/1.1" 200 1282 www.4amtechno.com "https://www.4amtechno.com/" "Mozilla/5.0 (Windows NT 10.0; Win64; x64) AppleWebKit/537.36 (KHTML, like Gecko) Chrome/138.0.0.0 Safari/537.36" "-"
191.101.160.0 - - [07/Jul/2025:04:07:21 +0200] "GET /blog.php?limit=50 HTTP/1.1" 200 5657 www.4amtechno.com "https://www.4amtechno.com/" "Mozilla/5.0 (Windows NT 10.0; Win64; x64) AppleWebKit/537.36 (KHTML, like Gecko) Chrome/138.0.0.0 Safari/537.36" "-"
191.101.160.0 - - [07/Jul/2025:04:07:21 +0200] "GET /partydates.php?limit=9 HTTP/1.1" 200 2338 www.4amtechno.com "https://www.4amtechno.com/" "Mozilla/5.0 (Windows NT 10.0; Win64; x64) AppleWebKit/537.36 (KHTML, like Gecko) Chrome/138.0.0.0 Safari/537.36" "-"
191.101.160.0 - - [07/Jul/2025:04:07:21 +0200] "GET /youtube-proxy.php HTTP/1.1" 200 4861 www.4amtechno.com "https://www.4amtechno.com/" "Mozilla/5.0 (Windows NT 10.0; Win64; x64) AppleWebKit/537.36 (KHTML, like Gecko) Chrome/138.0.0.0 Safari/537.36" "-"
191.101.160.0 - - [07/Jul/2025:04:07:22 +0200] "GET /icon-192x192.webp HTTP/1.1" 304 - www.4amtechno.com "https://www.4amtechno.com/" "Mozilla/5.0 (Windows NT 10.0; Win64; x64) AppleWebKit/537.36 (KHTML, like Gecko) Chrome/138.0.0.0 Safari/537.36" "-"
